18:04:43 **** Auto Build of configuration Debug for project cdma_transfer_test ****
make all 
Building file: ../src/helloworld.c
Invoking: ARM gcc compiler
arm-xilinx-eabi-gcc -Wall -O0 -g3 -c -fmessage-length=0 -MT"src/helloworld.o" -I../../cdma_transfer_test_bsp/ps7_cortexa9_0/include -MMD -MP -MF"src/helloworld.d" -MT"src/helloworld.d" -o "src/helloworld.o" "../src/helloworld.c"
../src/helloworld.c: In function 'main':
../src/helloworld.c:43:9: warning: unused variable 'test_done' [-Wunused-variable]
     u32 test_done = 0;
         ^
../src/helloworld.c:42:32: warning: unused variable 'cdma_memory_destination' [-Wunused-variable]
     u8 * cdma_memory_source, * cdma_memory_destination;
                                ^
../src/helloworld.c:42:10: warning: unused variable 'cdma_memory_source' [-Wunused-variable]
     u8 * cdma_memory_source, * cdma_memory_destination;
          ^
../src/helloworld.c:41:20: warning: unused variable 'destination' [-Wunused-variable]
     u8 * source, * destination;
                    ^
../src/helloworld.c:41:10: warning: unused variable 'source' [-Wunused-variable]
     u8 * source, * destination;
          ^
../src/helloworld.c:40:9: warning: unused variable 'numofbytes' [-Wunused-variable]
     int numofbytes;
         ^
../src/helloworld.c:39:9: warning: unused variable 'CDMA_Status' [-Wunused-variable]
  int i, CDMA_Status;
         ^
../src/helloworld.c:39:6: warning: unused variable 'i' [-Wunused-variable]
  int i, CDMA_Status;
      ^
../src/helloworld.c:38:5: warning: unused variable 'select' [-Wunused-variable]
  u8 select;
     ^
../src/helloworld.c: At top level:
../src/helloworld.c:22:13: warning: 'dma_CallBack' defined but not used [-Wunused-function]
 static void dma_CallBack(void *CallBackRef, u32 IrqMask, int *IgnorePtr)
             ^
Finished building: ../src/helloworld.c
 
Building target: cdma_transfer_test.elf
Invoking: ARM gcc linker
arm-xilinx-eabi-gcc -Wl,-T -Wl,../src/lscript.ld -L../../cdma_transfer_test_bsp/ps7_cortexa9_0/lib -o "cdma_transfer_test.elf"  ./src/helloworld.o ./src/platform.o   -Wl,--start-group,-lxil,-lgcc,-lc,--end-group
Finished building target: cdma_transfer_test.elf
 
Invoking: ARM Print Size
arm-xilinx-eabi-size cdma_transfer_test.elf  |tee "cdma_transfer_test.elf.size"
   text	   data	    bss	    dec	    hex	filename
  48580	   2000	  23044	  73624	  11f98	cdma_transfer_test.elf
Finished building: cdma_transfer_test.elf.size
 

18:04:43 Build Finished (took 109ms)

