16:26:50 **** Build of project cdma_transfer_test_bsp ****
make -k all 
Running Make include in ps7_cortexa9_0/libsrc/ddrps_v1_0/src
make -C ps7_cortexa9_0/libsrc/ddrps_v1_0/src -s include  "SHELL=/bin/sh" "COMPILER=arm-xilinx-eabi-gcc" "ARCHIVER=arm-xilinx-eabi-ar" "COMPILER_FLAGS=  -O2 -c" "EXTRA_COMPILER_FLAGS=-g"
Running Make include in ps7_cortexa9_0/libsrc/standalone_v5_2/src
make -C ps7_cortexa9_0/libsrc/standalone_v5_2/src -s include  "SHELL=/bin/sh" "COMPILER=arm-xilinx-eabi-gcc" "ARCHIVER=arm-xilinx-eabi-ar" "COMPILER_FLAGS=  -O2 -c" "EXTRA_COMPILER_FLAGS=-g"
Running Make include in ps7_cortexa9_0/libsrc/uartps_v3_1/src
make -C ps7_cortexa9_0/libsrc/uartps_v3_1/src -s include  "SHELL=/bin/sh" "COMPILER=arm-xilinx-eabi-gcc" "ARCHIVER=arm-xilinx-eabi-ar" "COMPILER_FLAGS=  -O2 -c" "EXTRA_COMPILER_FLAGS=-g"
Running Make include in ps7_cortexa9_0/libsrc/coresightps_dcc_v1_1/src
make -C ps7_cortexa9_0/libsrc/coresightps_dcc_v1_1/src -s include  "SHELL=/bin/sh" "COMPILER=arm-xilinx-eabi-gcc" "ARCHIVER=arm-xilinx-eabi-ar" "COMPILER_FLAGS=  -O2 -c" "EXTRA_COMPILER_FLAGS=-g"
Running Make include in ps7_cortexa9_0/libsrc/devcfg_v3_3/src
make -C ps7_cortexa9_0/libsrc/devcfg_v3_3/src -s include  "SHELL=/bin/sh" "COMPILER=arm-xilinx-eabi-gcc" "ARCHIVER=arm-xilinx-eabi-ar" "COMPILER_FLAGS=  -O2 -c" "EXTRA_COMPILER_FLAGS=-g"
Running Make include in ps7_cortexa9_0/libsrc/xadcps_v2_2/src
make -C ps7_cortexa9_0/libsrc/xadcps_v2_2/src -s include  "SHELL=/bin/sh" "COMPILER=arm-xilinx-eabi-gcc" "ARCHIVER=arm-xilinx-eabi-ar" "COMPILER_FLAGS=  -O2 -c" "EXTRA_COMPILER_FLAGS=-g"
Running Make include in ps7_cortexa9_0/libsrc/dmaps_v2_1/src
make -C ps7_cortexa9_0/libsrc/dmaps_v2_1/src -s include  "SHELL=/bin/sh" "COMPILER=arm-xilinx-eabi-gcc" "ARCHIVER=arm-xilinx-eabi-ar" "COMPILER_FLAGS=  -O2 -c" "EXTRA_COMPILER_FLAGS=-g"
Running Make include in ps7_cortexa9_0/libsrc/sdps_v2_5/src
make -C ps7_cortexa9_0/libsrc/sdps_v2_5/src -s include  "SHELL=/bin/sh" "COMPILER=arm-xilinx-eabi-gcc" "ARCHIVER=arm-xilinx-eabi-ar" "COMPILER_FLAGS=  -O2 -c" "EXTRA_COMPILER_FLAGS=-g"
Running Make include in ps7_cortexa9_0/libsrc/gpiops_v3_1/src
make -C ps7_cortexa9_0/libsrc/gpiops_v3_1/src -s include  "SHELL=/bin/sh" "COMPILER=arm-xilinx-eabi-gcc" "ARCHIVER=arm-xilinx-eabi-ar" "COMPILER_FLAGS=  -O2 -c" "EXTRA_COMPILER_FLAGS=-g"
Running Make include in ps7_cortexa9_0/libsrc/scuwdt_v2_1/src
make -C ps7_cortexa9_0/libsrc/scuwdt_v2_1/src -s include  "SHELL=/bin/sh" "COMPILER=arm-xilinx-eabi-gcc" "ARCHIVER=arm-xilinx-eabi-ar" "COMPILER_FLAGS=  -O2 -c" "EXTRA_COMPILER_FLAGS=-g"
Running Make include in ps7_cortexa9_0/libsrc/cpu_cortexa9_v2_1/src
make -C ps7_cortexa9_0/libsrc/cpu_cortexa9_v2_1/src -s include  "SHELL=/bin/sh" "COMPILER=arm-xilinx-eabi-gcc" "ARCHIVER=arm-xilinx-eabi-ar" "COMPILER_FLAGS=  -O2 -c" "EXTRA_COMPILER_FLAGS=-g"
Running Make include in ps7_cortexa9_0/libsrc/iicps_v3_0/src
make -C ps7_cortexa9_0/libsrc/iicps_v3_0/src -s include  "SHELL=/bin/sh" "COMPILER=arm-xilinx-eabi-gcc" "ARCHIVER=arm-xilinx-eabi-ar" "COMPILER_FLAGS=  -O2 -c" "EXTRA_COMPILER_FLAGS=-g"
Running Make include in ps7_cortexa9_0/libsrc/emacps_v3_1/src
make -C ps7_cortexa9_0/libsrc/emacps_v3_1/src -s include  "SHELL=/bin/sh" "COMPILER=arm-xilinx-eabi-gcc" "ARCHIVER=arm-xilinx-eabi-ar" "COMPILER_FLAGS=  -O2 -c" "EXTRA_COMPILER_FLAGS=-g"
Running Make include in ps7_cortexa9_0/libsrc/scugic_v3_1/src
make -C ps7_cortexa9_0/libsrc/scugic_v3_1/src -s include  "SHELL=/bin/sh" "COMPILER=arm-xilinx-eabi-gcc" "ARCHIVER=arm-xilinx-eabi-ar" "COMPILER_FLAGS=  -O2 -c" "EXTRA_COMPILER_FLAGS=-g"
Running Make include in ps7_cortexa9_0/libsrc/usbps_v2_2/src
make -C ps7_cortexa9_0/libsrc/usbps_v2_2/src -s include  "SHELL=/bin/sh" "COMPILER=arm-xilinx-eabi-gcc" "ARCHIVER=arm-xilinx-eabi-ar" "COMPILER_FLAGS=  -O2 -c" "EXTRA_COMPILER_FLAGS=-g"
Running Make include in ps7_cortexa9_0/libsrc/gpio_v4_0/src
make -C ps7_cortexa9_0/libsrc/gpio_v4_0/src -s include  "SHELL=/bin/sh" "COMPILER=arm-xilinx-eabi-gcc" "ARCHIVER=arm-xilinx-eabi-ar" "COMPILER_FLAGS=  -O2 -c" "EXTRA_COMPILER_FLAGS=-g"
Running Make include in ps7_cortexa9_0/libsrc/ttcps_v3_0/src
make -C ps7_cortexa9_0/libsrc/ttcps_v3_0/src -s include  "SHELL=/bin/sh" "COMPILER=arm-xilinx-eabi-gcc" "ARCHIVER=arm-xilinx-eabi-ar" "COMPILER_FLAGS=  -O2 -c" "EXTRA_COMPILER_FLAGS=-g"
Running Make include in ps7_cortexa9_0/libsrc/scutimer_v2_1/src
make -C ps7_cortexa9_0/libsrc/scutimer_v2_1/src -s include  "SHELL=/bin/sh" "COMPILER=arm-xilinx-eabi-gcc" "ARCHIVER=arm-xilinx-eabi-ar" "COMPILER_FLAGS=  -O2 -c" "EXTRA_COMPILER_FLAGS=-g"
Running Make include in ps7_cortexa9_0/libsrc/qspips_v3_2/src
make -C ps7_cortexa9_0/libsrc/qspips_v3_2/src -s include  "SHELL=/bin/sh" "COMPILER=arm-xilinx-eabi-gcc" "ARCHIVER=arm-xilinx-eabi-ar" "COMPILER_FLAGS=  -O2 -c" "EXTRA_COMPILER_FLAGS=-g"
Running Make include in ps7_cortexa9_0/libsrc/axicdma_v4_0/src
make -C ps7_cortexa9_0/libsrc/axicdma_v4_0/src -s include  "SHELL=/bin/sh" "COMPILER=arm-xilinx-eabi-gcc" "ARCHIVER=arm-xilinx-eabi-ar" "COMPILER_FLAGS=  -O2 -c" "EXTRA_COMPILER_FLAGS=-g"
Running Make libs in ps7_cortexa9_0/libsrc/ddrps_v1_0/src
make -C ps7_cortexa9_0/libsrc/ddrps_v1_0/src -s libs  "SHELL=/bin/sh" "COMPILER=arm-xilinx-eabi-gcc" "ARCHIVER=arm-xilinx-eabi-ar" "COMPILER_FLAGS=  -O2 -c" "EXTRA_COMPILER_FLAGS=-g"
Compiling ddrps
arm-xilinx-eabi-ar: creating ../../../lib/libxil.a
Running Make libs in ps7_cortexa9_0/libsrc/standalone_v5_2/src
make -C ps7_cortexa9_0/libsrc/standalone_v5_2/src -s libs  "SHELL=/bin/sh" "COMPILER=arm-xilinx-eabi-gcc" "ARCHIVER=arm-xilinx-eabi-ar" "COMPILER_FLAGS=  -O2 -c" "EXTRA_COMPILER_FLAGS=-g"
Compiling standalone
Running Make libs in ps7_cortexa9_0/libsrc/uartps_v3_1/src
make -C ps7_cortexa9_0/libsrc/uartps_v3_1/src -s libs  "SHELL=/bin/sh" "COMPILER=arm-xilinx-eabi-gcc" "ARCHIVER=arm-xilinx-eabi-ar" "COMPILER_FLAGS=  -O2 -c" "EXTRA_COMPILER_FLAGS=-g"
Compiling uartps
Running Make libs in ps7_cortexa9_0/libsrc/coresightps_dcc_v1_1/src
make -C ps7_cortexa9_0/libsrc/coresightps_dcc_v1_1/src -s libs  "SHELL=/bin/sh" "COMPILER=arm-xilinx-eabi-gcc" "ARCHIVER=arm-xilinx-eabi-ar" "COMPILER_FLAGS=  -O2 -c" "EXTRA_COMPILER_FLAGS=-g"
Compiling coresightps_dcc
Running Make libs in ps7_cortexa9_0/libsrc/devcfg_v3_3/src
make -C ps7_cortexa9_0/libsrc/devcfg_v3_3/src -s libs  "SHELL=/bin/sh" "COMPILER=arm-xilinx-eabi-gcc" "ARCHIVER=arm-xilinx-eabi-ar" "COMPILER_FLAGS=  -O2 -c" "EXTRA_COMPILER_FLAGS=-g"
Compiling devcfg
Running Make libs in ps7_cortexa9_0/libsrc/xadcps_v2_2/src
make -C ps7_cortexa9_0/libsrc/xadcps_v2_2/src -s libs  "SHELL=/bin/sh" "COMPILER=arm-xilinx-eabi-gcc" "ARCHIVER=arm-xilinx-eabi-ar" "COMPILER_FLAGS=  -O2 -c" "EXTRA_COMPILER_FLAGS=-g"
Compiling xadcps
Running Make libs in ps7_cortexa9_0/libsrc/dmaps_v2_1/src
make -C ps7_cortexa9_0/libsrc/dmaps_v2_1/src -s libs  "SHELL=/bin/sh" "COMPILER=arm-xilinx-eabi-gcc" "ARCHIVER=arm-xilinx-eabi-ar" "COMPILER_FLAGS=  -O2 -c" "EXTRA_COMPILER_FLAGS=-g"
Compiling dmaps
Running Make libs in ps7_cortexa9_0/libsrc/sdps_v2_5/src
make -C ps7_cortexa9_0/libsrc/sdps_v2_5/src -s libs  "SHELL=/bin/sh" "COMPILER=arm-xilinx-eabi-gcc" "ARCHIVER=arm-xilinx-eabi-ar" "COMPILER_FLAGS=  -O2 -c" "EXTRA_COMPILER_FLAGS=-g"
Compiling sdps
Running Make libs in ps7_cortexa9_0/libsrc/gpiops_v3_1/src
make -C ps7_cortexa9_0/libsrc/gpiops_v3_1/src -s libs  "SHELL=/bin/sh" "COMPILER=arm-xilinx-eabi-gcc" "ARCHIVER=arm-xilinx-eabi-ar" "COMPILER_FLAGS=  -O2 -c" "EXTRA_COMPILER_FLAGS=-g"
Compiling gpiops
Running Make libs in ps7_cortexa9_0/libsrc/scuwdt_v2_1/src
make -C ps7_cortexa9_0/libsrc/scuwdt_v2_1/src -s libs  "SHELL=/bin/sh" "COMPILER=arm-xilinx-eabi-gcc" "ARCHIVER=arm-xilinx-eabi-ar" "COMPILER_FLAGS=  -O2 -c" "EXTRA_COMPILER_FLAGS=-g"
Compiling scuwdt
Running Make libs in ps7_cortexa9_0/libsrc/cpu_cortexa9_v2_1/src
make -C ps7_cortexa9_0/libsrc/cpu_cortexa9_v2_1/src -s libs  "SHELL=/bin/sh" "COMPILER=arm-xilinx-eabi-gcc" "ARCHIVER=arm-xilinx-eabi-ar" "COMPILER_FLAGS=  -O2 -c" "EXTRA_COMPILER_FLAGS=-g"
Compiling cpu_cortexa9
Running Make libs in ps7_cortexa9_0/libsrc/iicps_v3_0/src
make -C ps7_cortexa9_0/libsrc/iicps_v3_0/src -s libs  "SHELL=/bin/sh" "COMPILER=arm-xilinx-eabi-gcc" "ARCHIVER=arm-xilinx-eabi-ar" "COMPILER_FLAGS=  -O2 -c" "EXTRA_COMPILER_FLAGS=-g"
Compiling iicps
Running Make libs in ps7_cortexa9_0/libsrc/emacps_v3_1/src
make -C ps7_cortexa9_0/libsrc/emacps_v3_1/src -s libs  "SHELL=/bin/sh" "COMPILER=arm-xilinx-eabi-gcc" "ARCHIVER=arm-xilinx-eabi-ar" "COMPILER_FLAGS=  -O2 -c" "EXTRA_COMPILER_FLAGS=-g"
Compiling emacps
Running Make libs in ps7_cortexa9_0/libsrc/scugic_v3_1/src
make -C ps7_cortexa9_0/libsrc/scugic_v3_1/src -s libs  "SHELL=/bin/sh" "COMPILER=arm-xilinx-eabi-gcc" "ARCHIVER=arm-xilinx-eabi-ar" "COMPILER_FLAGS=  -O2 -c" "EXTRA_COMPILER_FLAGS=-g"
Compiling scugic
Running Make libs in ps7_cortexa9_0/libsrc/usbps_v2_2/src
make -C ps7_cortexa9_0/libsrc/usbps_v2_2/src -s libs  "SHELL=/bin/sh" "COMPILER=arm-xilinx-eabi-gcc" "ARCHIVER=arm-xilinx-eabi-ar" "COMPILER_FLAGS=  -O2 -c" "EXTRA_COMPILER_FLAGS=-g"
Compiling usbps
Running Make libs in ps7_cortexa9_0/libsrc/gpio_v4_0/src
make -C ps7_cortexa9_0/libsrc/gpio_v4_0/src -s libs  "SHELL=/bin/sh" "COMPILER=arm-xilinx-eabi-gcc" "ARCHIVER=arm-xilinx-eabi-ar" "COMPILER_FLAGS=  -O2 -c" "EXTRA_COMPILER_FLAGS=-g"
Compiling gpio
Running Make libs in ps7_cortexa9_0/libsrc/ttcps_v3_0/src
make -C ps7_cortexa9_0/libsrc/ttcps_v3_0/src -s libs  "SHELL=/bin/sh" "COMPILER=arm-xilinx-eabi-gcc" "ARCHIVER=arm-xilinx-eabi-ar" "COMPILER_FLAGS=  -O2 -c" "EXTRA_COMPILER_FLAGS=-g"
Compiling ttcps
Running Make libs in ps7_cortexa9_0/libsrc/scutimer_v2_1/src
make -C ps7_cortexa9_0/libsrc/scutimer_v2_1/src -s libs  "SHELL=/bin/sh" "COMPILER=arm-xilinx-eabi-gcc" "ARCHIVER=arm-xilinx-eabi-ar" "COMPILER_FLAGS=  -O2 -c" "EXTRA_COMPILER_FLAGS=-g"
Compiling scutimer
Running Make libs in ps7_cortexa9_0/libsrc/qspips_v3_2/src
make -C ps7_cortexa9_0/libsrc/qspips_v3_2/src -s libs  "SHELL=/bin/sh" "COMPILER=arm-xilinx-eabi-gcc" "ARCHIVER=arm-xilinx-eabi-ar" "COMPILER_FLAGS=  -O2 -c" "EXTRA_COMPILER_FLAGS=-g"
Compiling qspips
Running Make libs in ps7_cortexa9_0/libsrc/axicdma_v4_0/src
make -C ps7_cortexa9_0/libsrc/axicdma_v4_0/src -s libs  "SHELL=/bin/sh" "COMPILER=arm-xilinx-eabi-gcc" "ARCHIVER=arm-xilinx-eabi-ar" "COMPILER_FLAGS=  -O2 -c" "EXTRA_COMPILER_FLAGS=-g"
Compiling axicdma
xaxicdma_bdring.c: In function 'XAxiCdma_BdRingGetCurrBd':
xaxicdma_bdring.c:204:10: warning: cast to pointer from integer of different size [-Wint-to-pointer-cast]
   return (XAxiCdma_Bd *)((XAxiCdma_BdRead(InstancePtr->BaseAddr, XAXICDMA_CDESC_OFFSET)) |
          ^
Finished building libraries
16:26:57 **** Build of configuration Debug for project cdma_transfer_test ****
make all 
Building file: ../src/helloworld.c
Invoking: ARM gcc compiler
arm-xilinx-eabi-gcc -Wall -O0 -g3 -c -fmessage-length=0 -MT"src/helloworld.o" -I../../cdma_transfer_test_bsp/ps7_cortexa9_0/include -MMD -MP -MF"src/helloworld.d" -MT"src/helloworld.d" -o "src/helloworld.o" "../src/helloworld.c"
Finished building: ../src/helloworld.c
 
Building file: ../src/platform.c
Invoking: ARM gcc compiler
arm-xilinx-eabi-gcc -Wall -O0 -g3 -c -fmessage-length=0 -MT"src/platform.o" -I../../cdma_transfer_test_bsp/ps7_cortexa9_0/include -MMD -MP -MF"src/platform.d" -MT"src/platform.d" -o "src/platform.o" "../src/platform.c"
Finished building: ../src/platform.c
 
Building target: cdma_transfer_test.elf
Invoking: ARM gcc linker
arm-xilinx-eabi-gcc -Wl,-T -Wl,../src/lscript.ld -L../../cdma_transfer_test_bsp/ps7_cortexa9_0/lib -o "cdma_transfer_test.elf"  ./src/helloworld.o ./src/platform.o   -Wl,--start-group,-lxil,-lgcc,-lc,--end-group
Finished building target: cdma_transfer_test.elf
 
Invoking: ARM Print Size
arm-xilinx-eabi-size cdma_transfer_test.elf  |tee "cdma_transfer_test.elf.size"
   text	   data	    bss	    dec	    hex	filename
  22888	   1152	  22564	  46604	   b60c	cdma_transfer_test.elf
Finished building: cdma_transfer_test.elf.size
 
16:30:49 **** Auto Build of configuration Debug for project cdma_transfer_test ****
make all 
Building file: ../src/helloworld.c
Invoking: ARM gcc compiler
arm-xilinx-eabi-gcc -Wall -O0 -g3 -c -fmessage-length=0 -MT"src/helloworld.o" -I../../cdma_transfer_test_bsp/ps7_cortexa9_0/include -MMD -MP -MF"src/helloworld.d" -MT"src/helloworld.d" -o "src/helloworld.o" "../src/helloworld.c"
../src/helloworld.c:64:6: error: conflicting types for 'print'
 void print(char *str);
      ^
In file included from ../../cdma_transfer_test_bsp/ps7_cortexa9_0/include/xil_io.h:65:0,
                 from ../../cdma_transfer_test_bsp/ps7_cortexa9_0/include/xaxicdma_hw.h:60,
                 from ../../cdma_transfer_test_bsp/ps7_cortexa9_0/include/xaxicdma_bd.h:59,
                 from ../../cdma_transfer_test_bsp/ps7_cortexa9_0/include/xaxicdma.h:345,
                 from ../src/helloworld.c:55:
../../cdma_transfer_test_bsp/ps7_cortexa9_0/include/xil_printf.h:36:6: note: previous declaration of 'print' was here
 void print( const char8 *ptr);
      ^
make: *** [src/helloworld.o] Error 1
16:30:52 **** Auto Build of configuration Debug for project cdma_transfer_test ****
make all 
Building file: ../src/helloworld.c
Invoking: ARM gcc compiler
arm-xilinx-eabi-gcc -Wall -O0 -g3 -c -fmessage-length=0 -MT"src/helloworld.o" -I../../cdma_transfer_test_bsp/ps7_cortexa9_0/include -MMD -MP -MF"src/helloworld.d" -MT"src/helloworld.d" -o "src/helloworld.o" "../src/helloworld.c"
Finished building: ../src/helloworld.c
 
Building target: cdma_transfer_test.elf
Invoking: ARM gcc linker
arm-xilinx-eabi-gcc -Wl,-T -Wl,../src/lscript.ld -L../../cdma_transfer_test_bsp/ps7_cortexa9_0/lib -o "cdma_transfer_test.elf"  ./src/helloworld.o ./src/platform.o   -Wl,--start-group,-lxil,-lgcc,-lc,--end-group
Finished building target: cdma_transfer_test.elf
 
Invoking: ARM Print Size
arm-xilinx-eabi-size cdma_transfer_test.elf  |tee "cdma_transfer_test.elf.size"
   text	   data	    bss	    dec	    hex	filename
  22888	   1152	  22564	  46604	   b60c	cdma_transfer_test.elf
Finished building: cdma_transfer_test.elf.size
 
16:31:35 **** Auto Build of configuration Debug for project cdma_transfer_test ****
make all 
Building file: ../src/helloworld.c
Invoking: ARM gcc compiler
arm-xilinx-eabi-gcc -Wall -O0 -g3 -c -fmessage-length=0 -MT"src/helloworld.o" -I../../cdma_transfer_test_bsp/ps7_cortexa9_0/include -MMD -MP -MF"src/helloworld.d" -MT"src/helloworld.d" -o "src/helloworld.o" "../src/helloworld.c"
../src/helloworld.c: In function 'main':
../src/helloworld.c:22:31: error: 'XPAR_AXI_BRAM_CTRL_0_S_AXI_BASEADDR' undeclared (first use in this function)
 #define PROCESSOR_BRAM_MEMORY XPAR_AXI_BRAM_CTRL_0_S_AXI_BASEADDR // BRAM Port A mapped through 1st BRAM Controller accessed by CPU
                               ^
../src/helloworld.c:196:20: note: in expansion of macro 'PROCESSOR_BRAM_MEMORY'
     source = (u8 *)PROCESSOR_BRAM_MEMORY;
                    ^
../src/helloworld.c:22:31: note: each undeclared identifier is reported only once for each function it appears in
 #define PROCESSOR_BRAM_MEMORY XPAR_AXI_BRAM_CTRL_0_S_AXI_BASEADDR // BRAM Port A mapped through 1st BRAM Controller accessed by CPU
                               ^
../src/helloworld.c:196:20: note: in expansion of macro 'PROCESSOR_BRAM_MEMORY'
     source = (u8 *)PROCESSOR_BRAM_MEMORY;
                    ^
make: *** [src/helloworld.o] Error 1
16:31:53 **** Auto Build of configuration Debug for project cdma_transfer_test ****
make all 
Building file: ../src/helloworld.c
Invoking: ARM gcc compiler
arm-xilinx-eabi-gcc -Wall -O0 -g3 -c -fmessage-length=0 -MT"src/helloworld.o" -I../../cdma_transfer_test_bsp/ps7_cortexa9_0/include -MMD -MP -MF"src/helloworld.d" -MT"src/helloworld.d" -o "src/helloworld.o" "../src/helloworld.c"
../src/helloworld.c: In function 'main':
../src/helloworld.c:195:20: error: 'PROCESSOR_BRAM_MEMORY' undeclared (first use in this function)
     source = (u8 *)PROCESSOR_BRAM_MEMORY;
                    ^
../src/helloworld.c:195:20: note: each undeclared identifier is reported only once for each function it appears in
make: *** [src/helloworld.o] Error 1
16:32:50 **** Auto Build of configuration Debug for project cdma_transfer_test ****
make all 
Building file: ../src/helloworld.c
Invoking: ARM gcc compiler
arm-xilinx-eabi-gcc -Wall -O0 -g3 -c -fmessage-length=0 -MT"src/helloworld.o" -I../../cdma_transfer_test_bsp/ps7_cortexa9_0/include -MMD -MP -MF"src/helloworld.d" -MT"src/helloworld.d" -o "src/helloworld.o" "../src/helloworld.c"
../src/helloworld.c: In function 'main':
../src/helloworld.c:195:20: error: 'PROCESSOR_BRAM_MEMORY' undeclared (first use in this function)
     source = (u8 *)PROCESSOR_BRAM_MEMORY;
                    ^
../src/helloworld.c:195:20: note: each undeclared identifier is reported only once for each function it appears in
make: *** [src/helloworld.o] Error 1
16:32:53 **** Auto Build of configuration Debug for project cdma_transfer_test ****
make all 
Building file: ../src/helloworld.c
Invoking: ARM gcc compiler
arm-xilinx-eabi-gcc -Wall -O0 -g3 -c -fmessage-length=0 -MT"src/helloworld.o" -I../../cdma_transfer_test_bsp/ps7_cortexa9_0/include -MMD -MP -MF"src/helloworld.d" -MT"src/helloworld.d" -o "src/helloworld.o" "../src/helloworld.c"
../src/helloworld.c: In function 'main':
../src/helloworld.c:195:20: error: 'PROCESSOR_BRAM_MEMORY' undeclared (first use in this function)
     source = (u8 *)PROCESSOR_BRAM_MEMORY;
                    ^
../src/helloworld.c:195:20: note: each undeclared identifier is reported only once for each function it appears in
make: *** [src/helloworld.o] Error 1
16:33:21 **** Auto Build of configuration Debug for project cdma_transfer_test ****
make all 
Building file: ../src/helloworld.c
Invoking: ARM gcc compiler
arm-xilinx-eabi-gcc -Wall -O0 -g3 -c -fmessage-length=0 -MT"src/helloworld.o" -I../../cdma_transfer_test_bsp/ps7_cortexa9_0/include -MMD -MP -MF"src/helloworld.d" -MT"src/helloworld.d" -o "src/helloworld.o" "../src/helloworld.c"
../src/helloworld.c: In function 'main':
../src/helloworld.c:206:20: error: 'PROCESSOR_BRAM_MEMORY' undeclared (first use in this function)
     source = (u8 *)PROCESSOR_BRAM_MEMORY;
                    ^
../src/helloworld.c:206:20: note: each undeclared identifier is reported only once for each function it appears in
make: *** [src/helloworld.o] Error 1
16:33:40 **** Auto Build of configuration Debug for project cdma_transfer_test ****
make all 
Building file: ../src/helloworld.c
Invoking: ARM gcc compiler
arm-xilinx-eabi-gcc -Wall -O0 -g3 -c -fmessage-length=0 -MT"src/helloworld.o" -I../../cdma_transfer_test_bsp/ps7_cortexa9_0/include -MMD -MP -MF"src/helloworld.d" -MT"src/helloworld.d" -o "src/helloworld.o" "../src/helloworld.c"
../src/helloworld.c: In function 'main':
../src/helloworld.c:204:20: error: 'PROCESSOR_BRAM_MEMORY' undeclared (first use in this function)
     source = (u8 *)PROCESSOR_BRAM_MEMORY;
                    ^
../src/helloworld.c:204:20: note: each undeclared identifier is reported only once for each function it appears in
make: *** [src/helloworld.o] Error 1
16:34:37 **** Auto Build of configuration Debug for project cdma_transfer_test ****
make all 
Building file: ../src/helloworld.c
Invoking: ARM gcc compiler
arm-xilinx-eabi-gcc -Wall -O0 -g3 -c -fmessage-length=0 -MT"src/helloworld.o" -I../../cdma_transfer_test_bsp/ps7_cortexa9_0/include -MMD -MP -MF"src/helloworld.d" -MT"src/helloworld.d" -o "src/helloworld.o" "../src/helloworld.c"
../src/helloworld.c: In function 'main':
../src/helloworld.c:204:20: error: 'PROCESSOR_BRAM_MEMORY' undeclared (first use in this function)
     source = (u8 *)PROCESSOR_BRAM_MEMORY;
                    ^
../src/helloworld.c:204:20: note: each undeclared identifier is reported only once for each function it appears in
make: *** [src/helloworld.o] Error 1
16:35:05 **** Auto Build of configuration Debug for project cdma_transfer_test ****
make all 
Building file: ../src/helloworld.c
Invoking: ARM gcc compiler
arm-xilinx-eabi-gcc -Wall -O0 -g3 -c -fmessage-length=0 -MT"src/helloworld.o" -I../../cdma_transfer_test_bsp/ps7_cortexa9_0/include -MMD -MP -MF"src/helloworld.d" -MT"src/helloworld.d" -o "src/helloworld.o" "../src/helloworld.c"
../src/helloworld.c: In function 'main':
../src/helloworld.c:204:20: error: 'PROCESSOR_BRAM_MEMORY' undeclared (first use in this function)
     source = (u8 *)PROCESSOR_BRAM_MEMORY;
                    ^
../src/helloworld.c:204:20: note: each undeclared identifier is reported only once for each function it appears in
make: *** [src/helloworld.o] Error 1
16:35:30 **** Auto Build of configuration Debug for project cdma_transfer_test ****
make all 
Building file: ../src/helloworld.c
Invoking: ARM gcc compiler
arm-xilinx-eabi-gcc -Wall -O0 -g3 -c -fmessage-length=0 -MT"src/helloworld.o" -I../../cdma_transfer_test_bsp/ps7_cortexa9_0/include -MMD -MP -MF"src/helloworld.d" -MT"src/helloworld.d" -o "src/helloworld.o" "../src/helloworld.c"
../src/helloworld.c: In function 'main':
../src/helloworld.c:204:20: error: 'PROCESSOR_BRAM_MEMORY' undeclared (first use in this function)
     source = (u8 *)PROCESSOR_BRAM_MEMORY;
                    ^
../src/helloworld.c:204:20: note: each undeclared identifier is reported only once for each function it appears in
make: *** [src/helloworld.o] Error 1
16:36:13 **** Auto Build of configuration Debug for project cdma_transfer_test ****
make all 
Building file: ../src/helloworld.c
Invoking: ARM gcc compiler
arm-xilinx-eabi-gcc -Wall -O0 -g3 -c -fmessage-length=0 -MT"src/helloworld.o" -I../../cdma_transfer_test_bsp/ps7_cortexa9_0/include -MMD -MP -MF"src/helloworld.d" -MT"src/helloworld.d" -o "src/helloworld.o" "../src/helloworld.c"
../src/helloworld.c: In function 'main':
../src/helloworld.c:204:20: error: 'PROCESSOR_BRAM_MEMORY' undeclared (first use in this function)
     source = (u8 *)PROCESSOR_BRAM_MEMORY;
                    ^
../src/helloworld.c:204:20: note: each undeclared identifier is reported only once for each function it appears in
make: *** [src/helloworld.o] Error 1
16:36:16 **** Auto Build of configuration Debug for project cdma_transfer_test ****
make all 
Building file: ../src/helloworld.c
Invoking: ARM gcc compiler
arm-xilinx-eabi-gcc -Wall -O0 -g3 -c -fmessage-length=0 -MT"src/helloworld.o" -I../../cdma_transfer_test_bsp/ps7_cortexa9_0/include -MMD -MP -MF"src/helloworld.d" -MT"src/helloworld.d" -o "src/helloworld.o" "../src/helloworld.c"
../src/helloworld.c: In function 'main':
../src/helloworld.c:204:20: error: 'PROCESSOR_BRAM_MEMORY' undeclared (first use in this function)
     source = (u8 *)PROCESSOR_BRAM_MEMORY;
                    ^
../src/helloworld.c:204:20: note: each undeclared identifier is reported only once for each function it appears in
make: *** [src/helloworld.o] Error 1
16:36:28 **** Auto Build of configuration Debug for project cdma_transfer_test ****
make all 
Building file: ../src/helloworld.c
Invoking: ARM gcc compiler
arm-xilinx-eabi-gcc -Wall -O0 -g3 -c -fmessage-length=0 -MT"src/helloworld.o" -I../../cdma_transfer_test_bsp/ps7_cortexa9_0/include -MMD -MP -MF"src/helloworld.d" -MT"src/helloworld.d" -o "src/helloworld.o" "../src/helloworld.c"
../src/helloworld.c: In function 'main':
../src/helloworld.c:204:20: error: 'PROCESSOR_BRAM_MEMORY' undeclared (first use in this function)
     source = (u8 *)PROCESSOR_BRAM_MEMORY;
                    ^
../src/helloworld.c:204:20: note: each undeclared identifier is reported only once for each function it appears in
make: *** [src/helloworld.o] Error 1
16:36:43 **** Auto Build of configuration Debug for project cdma_transfer_test ****
make all 
Building file: ../src/helloworld.c
Invoking: ARM gcc compiler
arm-xilinx-eabi-gcc -Wall -O0 -g3 -c -fmessage-length=0 -MT"src/helloworld.o" -I../../cdma_transfer_test_bsp/ps7_cortexa9_0/include -MMD -MP -MF"src/helloworld.d" -MT"src/helloworld.d" -o "src/helloworld.o" "../src/helloworld.c"
../src/helloworld.c: In function 'main':
../src/helloworld.c:204:20: error: 'PROCESSOR_BRAM_MEMORY' undeclared (first use in this function)
     source = (u8 *)PROCESSOR_BRAM_MEMORY;
                    ^
../src/helloworld.c:204:20: note: each undeclared identifier is reported only once for each function it appears in
make: *** [src/helloworld.o] Error 1
16:39:20 **** Auto Build of configuration Debug for project cdma_transfer_test ****
make all 
Building file: ../src/helloworld.c
Invoking: ARM gcc compiler
arm-xilinx-eabi-gcc -Wall -O0 -g3 -c -fmessage-length=0 -MT"src/helloworld.o" -I../../cdma_transfer_test_bsp/ps7_cortexa9_0/include -MMD -MP -MF"src/helloworld.d" -MT"src/helloworld.d" -o "src/helloworld.o" "../src/helloworld.c"
../src/helloworld.c: In function 'main':
../src/helloworld.c:174:20: error: 'PROCESSOR_BRAM_MEMORY' undeclared (first use in this function)
     source = (u8 *)PROCESSOR_BRAM_MEMORY;
                    ^
../src/helloworld.c:174:20: note: each undeclared identifier is reported only once for each function it appears in
make: *** [src/helloworld.o] Error 1
16:39:49 **** Auto Build of configuration Debug for project cdma_transfer_test ****
make all 
Building file: ../src/helloworld.c
Invoking: ARM gcc compiler
arm-xilinx-eabi-gcc -Wall -O0 -g3 -c -fmessage-length=0 -MT"src/helloworld.o" -I../../cdma_transfer_test_bsp/ps7_cortexa9_0/include -MMD -MP -MF"src/helloworld.d" -MT"src/helloworld.d" -o "src/helloworld.o" "../src/helloworld.c"
../src/helloworld.c: In function 'main':
../src/helloworld.c:176:20: error: 'PROCESSOR_BRAM_MEMORY' undeclared (first use in this function)
     source = (u8 *)PROCESSOR_BRAM_MEMORY;
                    ^
../src/helloworld.c:176:20: note: each undeclared identifier is reported only once for each function it appears in
make: *** [src/helloworld.o] Error 1
16:40:00 **** Auto Build of configuration Debug for project cdma_transfer_test ****
make all 
Building file: ../src/helloworld.c
Invoking: ARM gcc compiler
arm-xilinx-eabi-gcc -Wall -O0 -g3 -c -fmessage-length=0 -MT"src/helloworld.o" -I../../cdma_transfer_test_bsp/ps7_cortexa9_0/include -MMD -MP -MF"src/helloworld.d" -MT"src/helloworld.d" -o "src/helloworld.o" "../src/helloworld.c"
../src/helloworld.c: In function 'main':
../src/helloworld.c:177:20: error: 'PROCESSOR_BRAM_MEMORY' undeclared (first use in this function)
     source = (u8 *)PROCESSOR_BRAM_MEMORY;
                    ^
../src/helloworld.c:177:20: note: each undeclared identifier is reported only once for each function it appears in
make: *** [src/helloworld.o] Error 1
16:40:56 **** Auto Build of configuration Debug for project cdma_transfer_test ****
make all 
Building file: ../src/helloworld.c
Invoking: ARM gcc compiler
arm-xilinx-eabi-gcc -Wall -O0 -g3 -c -fmessage-length=0 -MT"src/helloworld.o" -I../../cdma_transfer_test_bsp/ps7_cortexa9_0/include -MMD -MP -MF"src/helloworld.d" -MT"src/helloworld.d" -o "src/helloworld.o" "../src/helloworld.c"
../src/helloworld.c: In function 'main':
../src/helloworld.c:177:20: error: 'PROCESSOR_BRAM_MEMORY' undeclared (first use in this function)
     source = (u8 *)PROCESSOR_BRAM_MEMORY;
                    ^
../src/helloworld.c:177:20: note: each undeclared identifier is reported only once for each function it appears in
make: *** [src/helloworld.o] Error 1
16:41:24 **** Auto Build of configuration Debug for project cdma_transfer_test ****
make all 
Building file: ../src/helloworld.c
Invoking: ARM gcc compiler
arm-xilinx-eabi-gcc -Wall -O0 -g3 -c -fmessage-length=0 -MT"src/helloworld.o" -I../../cdma_transfer_test_bsp/ps7_cortexa9_0/include -MMD -MP -MF"src/helloworld.d" -MT"src/helloworld.d" -o "src/helloworld.o" "../src/helloworld.c"
../src/helloworld.c: In function 'main':
../src/helloworld.c:177:20: error: 'PROCESSOR_BRAM_MEMORY' undeclared (first use in this function)
     source = (u8 *)PROCESSOR_BRAM_MEMORY;
                    ^
../src/helloworld.c:177:20: note: each undeclared identifier is reported only once for each function it appears in
make: *** [src/helloworld.o] Error 1
16:41:30 **** Auto Build of configuration Debug for project cdma_transfer_test ****
make all 
Building file: ../src/helloworld.c
Invoking: ARM gcc compiler
arm-xilinx-eabi-gcc -Wall -O0 -g3 -c -fmessage-length=0 -MT"src/helloworld.o" -I../../cdma_transfer_test_bsp/ps7_cortexa9_0/include -MMD -MP -MF"src/helloworld.d" -MT"src/helloworld.d" -o "src/helloworld.o" "../src/helloworld.c"
../src/helloworld.c: In function 'main':
../src/helloworld.c:177:20: error: 'PROCESSOR_BRAM_MEMORY' undeclared (first use in this function)
     source = (u8 *)PROCESSOR_BRAM_MEMORY;
                    ^
../src/helloworld.c:177:20: note: each undeclared identifier is reported only once for each function it appears in
In file included from ../src/helloworld.c:2:0:
../src/helloworld.c: At top level:
../src/helloworld.h:63:13: warning: 'DMA_CallBack' declared 'static' but never defined [-Wunused-function]
 static void DMA_CallBack(void *CallBackRef, u32 IrqMask, int *IgnorePtr);
             ^
make: *** [src/helloworld.o] Error 1
16:42:02 **** Auto Build of configuration Debug for project cdma_transfer_test ****
make all 
Building file: ../src/helloworld.c
Invoking: ARM gcc compiler
arm-xilinx-eabi-gcc -Wall -O0 -g3 -c -fmessage-length=0 -MT"src/helloworld.o" -I../../cdma_transfer_test_bsp/ps7_cortexa9_0/include -MMD -MP -MF"src/helloworld.d" -MT"src/helloworld.d" -o "src/helloworld.o" "../src/helloworld.c"
../src/helloworld.c: In function 'main':
../src/helloworld.c:177:20: error: 'PROCESSOR_BRAM_MEMORY' undeclared (first use in this function)
     source = (u8 *)PROCESSOR_BRAM_MEMORY;
                    ^
../src/helloworld.c:177:20: note: each undeclared identifier is reported only once for each function it appears in
In file included from ../src/helloworld.c:2:0:
../src/helloworld.c: At top level:
../src/helloworld.h:63:13: warning: 'DMA_CallBack' declared 'static' but never defined [-Wunused-function]
 static void DMA_CallBack(void *CallBackRef, u32 IrqMask, int *IgnorePtr);
             ^
make: *** [src/helloworld.o] Error 1
16:42:28 **** Auto Build of configuration Debug for project cdma_transfer_test ****
make all 
Building file: ../src/helloworld.c
Invoking: ARM gcc compiler
arm-xilinx-eabi-gcc -Wall -O0 -g3 -c -fmessage-length=0 -MT"src/helloworld.o" -I../../cdma_transfer_test_bsp/ps7_cortexa9_0/include -MMD -MP -MF"src/helloworld.d" -MT"src/helloworld.d" -o "src/helloworld.o" "../src/helloworld.c"
../src/helloworld.c: In function 'main':
../src/helloworld.c:177:20: error: 'PROCESSOR_BRAM_MEMORY' undeclared (first use in this function)
     source = (u8 *)PROCESSOR_BRAM_MEMORY;
                    ^
../src/helloworld.c:177:20: note: each undeclared identifier is reported only once for each function it appears in
In file included from ../src/helloworld.c:2:0:
../src/helloworld.c: At top level:
../src/helloworld.h:63:13: warning: 'DMA_CallBack' declared 'static' but never defined [-Wunused-function]
 static void DMA_CallBack(void *CallBackRef, u32 IrqMask, int *IgnorePtr);
             ^
make: *** [src/helloworld.o] Error 1
16:43:11 **** Auto Build of configuration Debug for project cdma_transfer_test ****
make all 
Building file: ../src/helloworld.c
Invoking: ARM gcc compiler
arm-xilinx-eabi-gcc -Wall -O0 -g3 -c -fmessage-length=0 -MT"src/helloworld.o" -I../../cdma_transfer_test_bsp/ps7_cortexa9_0/include -MMD -MP -MF"src/helloworld.d" -MT"src/helloworld.d" -o "src/helloworld.o" "../src/helloworld.c"
../src/helloworld.c: In function 'main':
../src/helloworld.c:177:20: error: 'PROCESSOR_BRAM_MEMORY' undeclared (first use in this function)
     source = (u8 *)PROCESSOR_BRAM_MEMORY;
                    ^
../src/helloworld.c:177:20: note: each undeclared identifier is reported only once for each function it appears in
make: *** [src/helloworld.o] Error 1
16:44:23 **** Auto Build of configuration Debug for project cdma_transfer_test ****
make all 
Building file: ../src/helloworld.c
Invoking: ARM gcc compiler
arm-xilinx-eabi-gcc -Wall -O0 -g3 -c -fmessage-length=0 -MT"src/helloworld.o" -I../../cdma_transfer_test_bsp/ps7_cortexa9_0/include -MMD -MP -MF"src/helloworld.d" -MT"src/helloworld.d" -o "src/helloworld.o" "../src/helloworld.c"
In file included from ../src/helloworld.c:2:0:
../src/helloworld.h:64:31: error: expected declaration specifiers or '...' before ')' token
 int SetupCamGPIO(XGpio *Gpio, );
                               ^
../src/helloworld.c: In function 'main':
../src/helloworld.c:177:20: error: 'PROCESSOR_BRAM_MEMORY' undeclared (first use in this function)
     source = (u8 *)PROCESSOR_BRAM_MEMORY;
                    ^
../src/helloworld.c:177:20: note: each undeclared identifier is reported only once for each function it appears in
make: *** [src/helloworld.o] Error 1
16:44:57 **** Auto Build of configuration Debug for project cdma_transfer_test ****
make all 
Building file: ../src/helloworld.c
Invoking: ARM gcc compiler
arm-xilinx-eabi-gcc -Wall -O0 -g3 -c -fmessage-length=0 -MT"src/helloworld.o" -I../../cdma_transfer_test_bsp/ps7_cortexa9_0/include -MMD -MP -MF"src/helloworld.d" -MT"src/helloworld.d" -o "src/helloworld.o" "../src/helloworld.c"
../src/helloworld.c: In function 'main':
../src/helloworld.c:177:20: error: 'PROCESSOR_BRAM_MEMORY' undeclared (first use in this function)
     source = (u8 *)PROCESSOR_BRAM_MEMORY;
                    ^
../src/helloworld.c:177:20: note: each undeclared identifier is reported only once for each function it appears in
make: *** [src/helloworld.o] Error 1
16:45:38 **** Auto Build of configuration Debug for project cdma_transfer_test ****
make all 
Building file: ../src/helloworld.c
Invoking: ARM gcc compiler
arm-xilinx-eabi-gcc -Wall -O0 -g3 -c -fmessage-length=0 -MT"src/helloworld.o" -I../../cdma_transfer_test_bsp/ps7_cortexa9_0/include -MMD -MP -MF"src/helloworld.d" -MT"src/helloworld.d" -o "src/helloworld.o" "../src/helloworld.c"
../src/helloworld.c: In function 'main':
../src/helloworld.c:177:20: error: 'PROCESSOR_BRAM_MEMORY' undeclared (first use in this function)
     source = (u8 *)PROCESSOR_BRAM_MEMORY;
                    ^
../src/helloworld.c:177:20: note: each undeclared identifier is reported only once for each function it appears in
make: *** [src/helloworld.o] Error 1
16:46:44 **** Auto Build of configuration Debug for project cdma_transfer_test ****
make all 
Building file: ../src/helloworld.c
Invoking: ARM gcc compiler
arm-xilinx-eabi-gcc -Wall -O0 -g3 -c -fmessage-length=0 -MT"src/helloworld.o" -I../../cdma_transfer_test_bsp/ps7_cortexa9_0/include -MMD -MP -MF"src/helloworld.d" -MT"src/helloworld.d" -o "src/helloworld.o" "../src/helloworld.c"
../src/helloworld.c: In function 'SetupCamGPIO':
../src/helloworld.c:58:6: warning: unused variable 'Status' [-Wunused-variable]
  int Status;
      ^
../src/helloworld.c: In function 'main':
../src/helloworld.c:181:20: error: 'PROCESSOR_BRAM_MEMORY' undeclared (first use in this function)
     source = (u8 *)PROCESSOR_BRAM_MEMORY;
                    ^
../src/helloworld.c:181:20: note: each undeclared identifier is reported only once for each function it appears in
make: *** [src/helloworld.o] Error 1
16:47:12 **** Auto Build of configuration Debug for project cdma_transfer_test ****
make all 
Building file: ../src/helloworld.c
Invoking: ARM gcc compiler
arm-xilinx-eabi-gcc -Wall -O0 -g3 -c -fmessage-length=0 -MT"src/helloworld.o" -I../../cdma_transfer_test_bsp/ps7_cortexa9_0/include -MMD -MP -MF"src/helloworld.d" -MT"src/helloworld.d" -o "src/helloworld.o" "../src/helloworld.c"
../src/helloworld.c: In function 'main':
../src/helloworld.c:201:20: error: 'PROCESSOR_BRAM_MEMORY' undeclared (first use in this function)
     source = (u8 *)PROCESSOR_BRAM_MEMORY;
                    ^
../src/helloworld.c:201:20: note: each undeclared identifier is reported only once for each function it appears in
make: *** [src/helloworld.o] Error 1
16:47:45 **** Auto Build of configuration Debug for project cdma_transfer_test ****
make all 
Building file: ../src/helloworld.c
Invoking: ARM gcc compiler
arm-xilinx-eabi-gcc -Wall -O0 -g3 -c -fmessage-length=0 -MT"src/helloworld.o" -I../../cdma_transfer_test_bsp/ps7_cortexa9_0/include -MMD -MP -MF"src/helloworld.d" -MT"src/helloworld.d" -o "src/helloworld.o" "../src/helloworld.c"
../src/helloworld.c:57:5: error: conflicting types for 'SetupCamGPIO'
 int SetupCamGPIO(XGpio *gpio, u16 dev, unsigned pwr_chn, u32 pwr_msk, unsigned clk_chn, u32 clk_msk){
     ^
In file included from ../src/helloworld.c:2:0:
../src/helloworld.h:64:5: note: previous declaration of 'SetupCamGPIO' was here
 int SetupCamGPIO(XGpio *Gpio, unsigned pwr_chn, u32 pwr_msk, unsigned clk_chn, u32 clk_msk);
     ^
../src/helloworld.c: In function 'main':
../src/helloworld.c:201:20: error: 'PROCESSOR_BRAM_MEMORY' undeclared (first use in this function)
     source = (u8 *)PROCESSOR_BRAM_MEMORY;
                    ^
../src/helloworld.c:201:20: note: each undeclared identifier is reported only once for each function it appears in
make: *** [src/helloworld.o] Error 1
16:47:57 **** Auto Build of configuration Debug for project cdma_transfer_test ****
make all 
Building file: ../src/helloworld.c
Invoking: ARM gcc compiler
arm-xilinx-eabi-gcc -Wall -O0 -g3 -c -fmessage-length=0 -MT"src/helloworld.o" -I../../cdma_transfer_test_bsp/ps7_cortexa9_0/include -MMD -MP -MF"src/helloworld.d" -MT"src/helloworld.d" -o "src/helloworld.o" "../src/helloworld.c"
../src/helloworld.c: In function 'main':
../src/helloworld.c:201:20: error: 'PROCESSOR_BRAM_MEMORY' undeclared (first use in this function)
     source = (u8 *)PROCESSOR_BRAM_MEMORY;
                    ^
../src/helloworld.c:201:20: note: each undeclared identifier is reported only once for each function it appears in
make: *** [src/helloworld.o] Error 1
16:49:03 **** Auto Build of configuration Debug for project cdma_transfer_test ****
make all 
Building file: ../src/helloworld.c
Invoking: ARM gcc compiler
arm-xilinx-eabi-gcc -Wall -O0 -g3 -c -fmessage-length=0 -MT"src/helloworld.o" -I../../cdma_transfer_test_bsp/ps7_cortexa9_0/include -MMD -MP -MF"src/helloworld.d" -MT"src/helloworld.d" -o "src/helloworld.o" "../src/helloworld.c"
../src/helloworld.c: In function 'SetupCamGPIO':
../src/helloworld.c:65:28: warning: passing argument 1 of 'XGpio_SetDataDirection' from incompatible pointer type
     XGpio_SetDataDirection(&gpio, pwr_chn, 0x00);
                            ^
In file included from ../src/helloworld.h:30:0,
                 from ../src/helloworld.c:2:
../../cdma_transfer_test_bsp/ps7_cortexa9_0/include/xgpio.h:165:6: note: expected 'struct XGpio *' but argument is of type 'struct XGpio **'
 void XGpio_SetDataDirection(XGpio *InstancePtr, unsigned Channel,
      ^
../src/helloworld.c:66:28: warning: passing argument 1 of 'XGpio_SetDataDirection' from incompatible pointer type
     XGpio_SetDataDirection(&gpio, clk_chn, 0x00);
                            ^
In file included from ../src/helloworld.h:30:0,
                 from ../src/helloworld.c:2:
../../cdma_transfer_test_bsp/ps7_cortexa9_0/include/xgpio.h:165:6: note: expected 'struct XGpio *' but argument is of type 'struct XGpio **'
 void XGpio_SetDataDirection(XGpio *InstancePtr, unsigned Channel,
      ^
../src/helloworld.c: In function 'main':
../src/helloworld.c:189:20: error: 'PROCESSOR_BRAM_MEMORY' undeclared (first use in this function)
     source = (u8 *)PROCESSOR_BRAM_MEMORY;
                    ^
../src/helloworld.c:189:20: note: each undeclared identifier is reported only once for each function it appears in
make: *** [src/helloworld.o] Error 1
16:49:22 **** Auto Build of configuration Debug for project cdma_transfer_test ****
make all 
Building file: ../src/helloworld.c
Invoking: ARM gcc compiler
arm-xilinx-eabi-gcc -Wall -O0 -g3 -c -fmessage-length=0 -MT"src/helloworld.o" -I../../cdma_transfer_test_bsp/ps7_cortexa9_0/include -MMD -MP -MF"src/helloworld.d" -MT"src/helloworld.d" -o "src/helloworld.o" "../src/helloworld.c"
../src/helloworld.c: In function 'main':
../src/helloworld.c:189:20: error: 'PROCESSOR_BRAM_MEMORY' undeclared (first use in this function)
     source = (u8 *)PROCESSOR_BRAM_MEMORY;
                    ^
../src/helloworld.c:189:20: note: each undeclared identifier is reported only once for each function it appears in
make: *** [src/helloworld.o] Error 1
16:49:56 **** Auto Build of configuration Debug for project cdma_transfer_test ****
make all 
Building file: ../src/helloworld.c
Invoking: ARM gcc compiler
arm-xilinx-eabi-gcc -Wall -O0 -g3 -c -fmessage-length=0 -MT"src/helloworld.o" -I../../cdma_transfer_test_bsp/ps7_cortexa9_0/include -MMD -MP -MF"src/helloworld.d" -MT"src/helloworld.d" -o "src/helloworld.o" "../src/helloworld.c"
../src/helloworld.c: In function 'main':
../src/helloworld.c:189:20: error: 'PROCESSOR_BRAM_MEMORY' undeclared (first use in this function)
     source = (u8 *)PROCESSOR_BRAM_MEMORY;
                    ^
../src/helloworld.c:189:20: note: each undeclared identifier is reported only once for each function it appears in
make: *** [src/helloworld.o] Error 1
16:50:00 **** Auto Build of configuration Debug for project cdma_transfer_test ****
make all 
Building file: ../src/helloworld.c
Invoking: ARM gcc compiler
arm-xilinx-eabi-gcc -Wall -O0 -g3 -c -fmessage-length=0 -MT"src/helloworld.o" -I../../cdma_transfer_test_bsp/ps7_cortexa9_0/include -MMD -MP -MF"src/helloworld.d" -MT"src/helloworld.d" -o "src/helloworld.o" "../src/helloworld.c"
../src/helloworld.c: In function 'main':
../src/helloworld.c:191:20: error: 'PROCESSOR_BRAM_MEMORY' undeclared (first use in this function)
     source = (u8 *)PROCESSOR_BRAM_MEMORY;
                    ^
../src/helloworld.c:191:20: note: each undeclared identifier is reported only once for each function it appears in
make: *** [src/helloworld.o] Error 1
16:50:55 **** Auto Build of configuration Debug for project cdma_transfer_test ****
make all 
Building file: ../src/helloworld.c
Invoking: ARM gcc compiler
arm-xilinx-eabi-gcc -Wall -O0 -g3 -c -fmessage-length=0 -MT"src/helloworld.o" -I../../cdma_transfer_test_bsp/ps7_cortexa9_0/include -MMD -MP -MF"src/helloworld.d" -MT"src/helloworld.d" -o "src/helloworld.o" "../src/helloworld.c"
../src/helloworld.c: In function 'main':
../src/helloworld.c:191:20: error: 'PROCESSOR_BRAM_MEMORY' undeclared (first use in this function)
     source = (u8 *)PROCESSOR_BRAM_MEMORY;
                    ^
../src/helloworld.c:191:20: note: each undeclared identifier is reported only once for each function it appears in
make: *** [src/helloworld.o] Error 1
16:51:08 **** Auto Build of configuration Debug for project cdma_transfer_test ****
make all 
Building file: ../src/helloworld.c
Invoking: ARM gcc compiler
arm-xilinx-eabi-gcc -Wall -O0 -g3 -c -fmessage-length=0 -MT"src/helloworld.o" -I../../cdma_transfer_test_bsp/ps7_cortexa9_0/include -MMD -MP -MF"src/helloworld.d" -MT"src/helloworld.d" -o "src/helloworld.o" "../src/helloworld.c"
../src/helloworld.c: In function 'main':
../src/helloworld.c:193:20: error: 'PROCESSOR_BRAM_MEMORY' undeclared (first use in this function)
     source = (u8 *)PROCESSOR_BRAM_MEMORY;
                    ^
../src/helloworld.c:193:20: note: each undeclared identifier is reported only once for each function it appears in
make: *** [src/helloworld.o] Error 1
16:51:37 **** Auto Build of configuration Debug for project cdma_transfer_test ****
make all 
Building file: ../src/helloworld.c
Invoking: ARM gcc compiler
arm-xilinx-eabi-gcc -Wall -O0 -g3 -c -fmessage-length=0 -MT"src/helloworld.o" -I../../cdma_transfer_test_bsp/ps7_cortexa9_0/include -MMD -MP -MF"src/helloworld.d" -MT"src/helloworld.d" -o "src/helloworld.o" "../src/helloworld.c"
../src/helloworld.c: In function 'main':
../src/helloworld.c:198:20: error: 'PROCESSOR_BRAM_MEMORY' undeclared (first use in this function)
     source = (u8 *)PROCESSOR_BRAM_MEMORY;
                    ^
../src/helloworld.c:198:20: note: each undeclared identifier is reported only once for each function it appears in
make: *** [src/helloworld.o] Error 1
16:52:54 **** Auto Build of configuration Debug for project cdma_transfer_test ****
make all 
Building file: ../src/helloworld.c
Invoking: ARM gcc compiler
arm-xilinx-eabi-gcc -Wall -O0 -g3 -c -fmessage-length=0 -MT"src/helloworld.o" -I../../cdma_transfer_test_bsp/ps7_cortexa9_0/include -MMD -MP -MF"src/helloworld.d" -MT"src/helloworld.d" -o "src/helloworld.o" "../src/helloworld.c"
../src/helloworld.c: In function 'boot_cam':
../src/helloworld.c:72:31: error: 'pwr_chn' undeclared (first use in this function)
     XGpio_DiscreteWrite(gpio, pwr_chn, 1);
                               ^
../src/helloworld.c:72:31: note: each undeclared identifier is reported only once for each function it appears in
../src/helloworld.c:76:31: error: 'clk_chn' undeclared (first use in this function)
     XGpio_DiscreteWrite(gpio, clk_chn, 1);
                               ^
../src/helloworld.c: In function 'main':
../src/helloworld.c:198:20: error: 'PROCESSOR_BRAM_MEMORY' undeclared (first use in this function)
     source = (u8 *)PROCESSOR_BRAM_MEMORY;
                    ^
make: *** [src/helloworld.o] Error 1
16:53:21 **** Auto Build of configuration Debug for project cdma_transfer_test ****
make all 
Building file: ../src/helloworld.c
Invoking: ARM gcc compiler
arm-xilinx-eabi-gcc -Wall -O0 -g3 -c -fmessage-length=0 -MT"src/helloworld.o" -I../../cdma_transfer_test_bsp/ps7_cortexa9_0/include -MMD -MP -MF"src/helloworld.d" -MT"src/helloworld.d" -o "src/helloworld.o" "../src/helloworld.c"
../src/helloworld.c: In function 'main':
../src/helloworld.c:198:20: error: 'PROCESSOR_BRAM_MEMORY' undeclared (first use in this function)
     source = (u8 *)PROCESSOR_BRAM_MEMORY;
                    ^
../src/helloworld.c:198:20: note: each undeclared identifier is reported only once for each function it appears in
make: *** [src/helloworld.o] Error 1
16:53:51 **** Auto Build of configuration Debug for project cdma_transfer_test ****
make all 
Building file: ../src/helloworld.c
Invoking: ARM gcc compiler
arm-xilinx-eabi-gcc -Wall -O0 -g3 -c -fmessage-length=0 -MT"src/helloworld.o" -I../../cdma_transfer_test_bsp/ps7_cortexa9_0/include -MMD -MP -MF"src/helloworld.d" -MT"src/helloworld.d" -o "src/helloworld.o" "../src/helloworld.c"
../src/helloworld.c: In function 'main':
../src/helloworld.c:198:20: error: 'PROCESSOR_BRAM_MEMORY' undeclared (first use in this function)
     source = (u8 *)PROCESSOR_BRAM_MEMORY;
                    ^
../src/helloworld.c:198:20: note: each undeclared identifier is reported only once for each function it appears in
make: *** [src/helloworld.o] Error 1
16:54:10 **** Auto Build of configuration Debug for project cdma_transfer_test ****
make all 
Building file: ../src/helloworld.c
Invoking: ARM gcc compiler
arm-xilinx-eabi-gcc -Wall -O0 -g3 -c -fmessage-length=0 -MT"src/helloworld.o" -I../../cdma_transfer_test_bsp/ps7_cortexa9_0/include -MMD -MP -MF"src/helloworld.d" -MT"src/helloworld.d" -o "src/helloworld.o" "../src/helloworld.c"
../src/helloworld.c: In function 'main':
../src/helloworld.c:198:20: error: 'PROCESSOR_BRAM_MEMORY' undeclared (first use in this function)
     source = (u8 *)PROCESSOR_BRAM_MEMORY;
                    ^
../src/helloworld.c:198:20: note: each undeclared identifier is reported only once for each function it appears in
make: *** [src/helloworld.o] Error 1
16:54:15 **** Auto Build of configuration Debug for project cdma_transfer_test ****
make all 
Building file: ../src/helloworld.c
Invoking: ARM gcc compiler
arm-xilinx-eabi-gcc -Wall -O0 -g3 -c -fmessage-length=0 -MT"src/helloworld.o" -I../../cdma_transfer_test_bsp/ps7_cortexa9_0/include -MMD -MP -MF"src/helloworld.d" -MT"src/helloworld.d" -o "src/helloworld.o" "../src/helloworld.c"
In file included from ../src/helloworld.c:2:0:
../src/helloworld.h:68:9: error: expected declaration specifiers or '...' before ')' token
         );
         ^
../src/helloworld.c: In function 'main':
../src/helloworld.c:198:20: error: 'PROCESSOR_BRAM_MEMORY' undeclared (first use in this function)
     source = (u8 *)PROCESSOR_BRAM_MEMORY;
                    ^
../src/helloworld.c:198:20: note: each undeclared identifier is reported only once for each function it appears in
make: *** [src/helloworld.o] Error 1
16:54:43 **** Auto Build of configuration Debug for project cdma_transfer_test ****
make all 
Building file: ../src/helloworld.c
Invoking: ARM gcc compiler
arm-xilinx-eabi-gcc -Wall -O0 -g3 -c -fmessage-length=0 -MT"src/helloworld.o" -I../../cdma_transfer_test_bsp/ps7_cortexa9_0/include -MMD -MP -MF"src/helloworld.d" -MT"src/helloworld.d" -o "src/helloworld.o" "../src/helloworld.c"
../src/helloworld.c: In function 'main':
../src/helloworld.c:198:20: error: 'PROCESSOR_BRAM_MEMORY' undeclared (first use in this function)
     source = (u8 *)PROCESSOR_BRAM_MEMORY;
                    ^
../src/helloworld.c:198:20: note: each undeclared identifier is reported only once for each function it appears in
make: *** [src/helloworld.o] Error 1
16:54:50 **** Auto Build of configuration Debug for project cdma_transfer_test ****
make all 
Building file: ../src/helloworld.c
Invoking: ARM gcc compiler
arm-xilinx-eabi-gcc -Wall -O0 -g3 -c -fmessage-length=0 -MT"src/helloworld.o" -I../../cdma_transfer_test_bsp/ps7_cortexa9_0/include -MMD -MP -MF"src/helloworld.d" -MT"src/helloworld.d" -o "src/helloworld.o" "../src/helloworld.c"
../src/helloworld.c: In function 'main':
../src/helloworld.c:198:20: error: 'PROCESSOR_BRAM_MEMORY' undeclared (first use in this function)
     source = (u8 *)PROCESSOR_BRAM_MEMORY;
                    ^
../src/helloworld.c:198:20: note: each undeclared identifier is reported only once for each function it appears in
make: *** [src/helloworld.o] Error 1
16:54:54 **** Auto Build of configuration Debug for project cdma_transfer_test ****
make all 
Building file: ../src/helloworld.c
Invoking: ARM gcc compiler
arm-xilinx-eabi-gcc -Wall -O0 -g3 -c -fmessage-length=0 -MT"src/helloworld.o" -I../../cdma_transfer_test_bsp/ps7_cortexa9_0/include -MMD -MP -MF"src/helloworld.d" -MT"src/helloworld.d" -o "src/helloworld.o" "../src/helloworld.c"
../src/helloworld.c: In function 'main':
../src/helloworld.c:199:20: error: 'PROCESSOR_BRAM_MEMORY' undeclared (first use in this function)
     source = (u8 *)PROCESSOR_BRAM_MEMORY;
                    ^
../src/helloworld.c:199:20: note: each undeclared identifier is reported only once for each function it appears in
make: *** [src/helloworld.o] Error 1
16:55:05 **** Auto Build of configuration Debug for project cdma_transfer_test ****
make all 
Building file: ../src/helloworld.c
Invoking: ARM gcc compiler
arm-xilinx-eabi-gcc -Wall -O0 -g3 -c -fmessage-length=0 -MT"src/helloworld.o" -I../../cdma_transfer_test_bsp/ps7_cortexa9_0/include -MMD -MP -MF"src/helloworld.d" -MT"src/helloworld.d" -o "src/helloworld.o" "../src/helloworld.c"
../src/helloworld.c: In function 'main':
../src/helloworld.c:170:20: error: 'PROCESSOR_BRAM_MEMORY' undeclared (first use in this function)
     source = (u8 *)PROCESSOR_BRAM_MEMORY;
                    ^
../src/helloworld.c:170:20: note: each undeclared identifier is reported only once for each function it appears in
../src/helloworld.c:233:5: warning: implicit declaration of function 'print_cdma_error' [-Wimplicit-function-declaration]
     print_cdma_error(CDMA_Status);
     ^
make: *** [src/helloworld.o] Error 1
16:55:11 **** Auto Build of configuration Debug for project cdma_transfer_test ****
make all 
Building file: ../src/helloworld.c
Invoking: ARM gcc compiler
arm-xilinx-eabi-gcc -Wall -O0 -g3 -c -fmessage-length=0 -MT"src/helloworld.o" -I../../cdma_transfer_test_bsp/ps7_cortexa9_0/include -MMD -MP -MF"src/helloworld.d" -MT"src/helloworld.d" -o "src/helloworld.o" "../src/helloworld.c"
../src/helloworld.c: In function 'main':
../src/helloworld.c:170:20: error: 'PROCESSOR_BRAM_MEMORY' undeclared (first use in this function)
     source = (u8 *)PROCESSOR_BRAM_MEMORY;
                    ^
../src/helloworld.c:170:20: note: each undeclared identifier is reported only once for each function it appears in
make: *** [src/helloworld.o] Error 1
16:56:12 **** Auto Build of configuration Debug for project cdma_transfer_test ****
make all 
Building file: ../src/helloworld.c
Invoking: ARM gcc compiler
arm-xilinx-eabi-gcc -Wall -O0 -g3 -c -fmessage-length=0 -MT"src/helloworld.o" -I../../cdma_transfer_test_bsp/ps7_cortexa9_0/include -MMD -MP -MF"src/helloworld.d" -MT"src/helloworld.d" -o "src/helloworld.o" "../src/helloworld.c"
../src/helloworld.c: In function 'SetupI2C':
../src/helloworld.c:79:5: error: 'Status' undeclared (first use in this function)
     Status = XIicPs_CfgInitialize(&I2C_dev, I2C_config, I2C_config->BaseAddress);
     ^
../src/helloworld.c:79:5: note: each undeclared identifier is reported only once for each function it appears in
../src/helloworld.c: In function 'main':
../src/helloworld.c:196:20: error: 'PROCESSOR_BRAM_MEMORY' undeclared (first use in this function)
     source = (u8 *)PROCESSOR_BRAM_MEMORY;
                    ^
../src/helloworld.c: In function 'SetupI2C':
../src/helloworld.c:95:1: warning: control reaches end of non-void function [-Wreturn-type]
 }
 ^
make: *** [src/helloworld.o] Error 1
16:57:02 **** Auto Build of configuration Debug for project cdma_transfer_test ****
make all 
Building file: ../src/helloworld.c
Invoking: ARM gcc compiler
arm-xilinx-eabi-gcc -Wall -O0 -g3 -c -fmessage-length=0 -MT"src/helloworld.o" -I../../cdma_transfer_test_bsp/ps7_cortexa9_0/include -MMD -MP -MF"src/helloworld.d" -MT"src/helloworld.d" -o "src/helloworld.o" "../src/helloworld.c"
../src/helloworld.c: In function 'SetupI2C':
../src/helloworld.c:79:5: error: 'Status' undeclared (first use in this function)
     Status = XIicPs_CfgInitialize(&I2C_dev, I2C_config, I2C_config->BaseAddress);
     ^
../src/helloworld.c:79:5: note: each undeclared identifier is reported only once for each function it appears in
../src/helloworld.c: In function 'main':
../src/helloworld.c:196:20: error: 'PROCESSOR_BRAM_MEMORY' undeclared (first use in this function)
     source = (u8 *)PROCESSOR_BRAM_MEMORY;
                    ^
../src/helloworld.c: In function 'SetupI2C':
../src/helloworld.c:95:1: warning: control reaches end of non-void function [-Wreturn-type]
 }
 ^
make: *** [src/helloworld.o] Error 1
16:57:19 **** Auto Build of configuration Debug for project cdma_transfer_test ****
make all 
Building file: ../src/helloworld.c
Invoking: ARM gcc compiler
arm-xilinx-eabi-gcc -Wall -O0 -g3 -c -fmessage-length=0 -MT"src/helloworld.o" -I../../cdma_transfer_test_bsp/ps7_cortexa9_0/include -MMD -MP -MF"src/helloworld.d" -MT"src/helloworld.d" -o "src/helloworld.o" "../src/helloworld.c"
../src/helloworld.c: In function 'SetupI2C':
../src/helloworld.c:79:5: error: 'Status' undeclared (first use in this function)
     Status = XIicPs_CfgInitialize(&I2C_dev, I2C_config, I2C_config->BaseAddress);
     ^
../src/helloworld.c:79:5: note: each undeclared identifier is reported only once for each function it appears in
../src/helloworld.c: In function 'main':
../src/helloworld.c:196:20: error: 'PROCESSOR_BRAM_MEMORY' undeclared (first use in this function)
     source = (u8 *)PROCESSOR_BRAM_MEMORY;
                    ^
../src/helloworld.c: In function 'SetupI2C':
../src/helloworld.c:95:1: warning: control reaches end of non-void function [-Wreturn-type]
 }
 ^
make: *** [src/helloworld.o] Error 1
16:57:34 **** Auto Build of configuration Debug for project cdma_transfer_test ****
make all 
Building file: ../src/helloworld.c
Invoking: ARM gcc compiler
arm-xilinx-eabi-gcc -Wall -O0 -g3 -c -fmessage-length=0 -MT"src/helloworld.o" -I../../cdma_transfer_test_bsp/ps7_cortexa9_0/include -MMD -MP -MF"src/helloworld.d" -MT"src/helloworld.d" -o "src/helloworld.o" "../src/helloworld.c"
../src/helloworld.c: In function 'SetupI2C':
../src/helloworld.c:79:5: error: 'Status' undeclared (first use in this function)
     Status = XIicPs_CfgInitialize(&I2C_dev, I2C_config, I2C_config->BaseAddress);
     ^
../src/helloworld.c:79:5: note: each undeclared identifier is reported only once for each function it appears in
../src/helloworld.c: In function 'main':
../src/helloworld.c:196:20: error: 'PROCESSOR_BRAM_MEMORY' undeclared (first use in this function)
     source = (u8 *)PROCESSOR_BRAM_MEMORY;
                    ^
../src/helloworld.c: In function 'SetupI2C':
../src/helloworld.c:95:1: warning: control reaches end of non-void function [-Wreturn-type]
 }
 ^
make: *** [src/helloworld.o] Error 1
16:57:44 **** Auto Build of configuration Debug for project cdma_transfer_test ****
make all 
Building file: ../src/helloworld.c
Invoking: ARM gcc compiler
arm-xilinx-eabi-gcc -Wall -O0 -g3 -c -fmessage-length=0 -MT"src/helloworld.o" -I../../cdma_transfer_test_bsp/ps7_cortexa9_0/include -MMD -MP -MF"src/helloworld.d" -MT"src/helloworld.d" -o "src/helloworld.o" "../src/helloworld.c"
../src/helloworld.c: In function 'SetupI2C':
../src/helloworld.c:79:5: error: 'Status' undeclared (first use in this function)
     Status = XIicPs_CfgInitialize(&I2C_dev, I2C_config, I2C_config->BaseAddress);
     ^
../src/helloworld.c:79:5: note: each undeclared identifier is reported only once for each function it appears in
../src/helloworld.c: In function 'main':
../src/helloworld.c:196:20: error: 'PROCESSOR_BRAM_MEMORY' undeclared (first use in this function)
     source = (u8 *)PROCESSOR_BRAM_MEMORY;
                    ^
../src/helloworld.c: In function 'SetupI2C':
../src/helloworld.c:95:1: warning: control reaches end of non-void function [-Wreturn-type]
 }
 ^
make: *** [src/helloworld.o] Error 1
16:57:53 **** Auto Build of configuration Debug for project cdma_transfer_test ****
make all 
Building file: ../src/helloworld.c
Invoking: ARM gcc compiler
arm-xilinx-eabi-gcc -Wall -O0 -g3 -c -fmessage-length=0 -MT"src/helloworld.o" -I../../cdma_transfer_test_bsp/ps7_cortexa9_0/include -MMD -MP -MF"src/helloworld.d" -MT"src/helloworld.d" -o "src/helloworld.o" "../src/helloworld.c"
../src/helloworld.c: In function 'main':
../src/helloworld.c:195:20: error: 'PROCESSOR_BRAM_MEMORY' undeclared (first use in this function)
     source = (u8 *)PROCESSOR_BRAM_MEMORY;
                    ^
../src/helloworld.c:195:20: note: each undeclared identifier is reported only once for each function it appears in
../src/helloworld.c: In function 'SetupI2C':
../src/helloworld.c:94:1: warning: control reaches end of non-void function [-Wreturn-type]
 }
 ^
make: *** [src/helloworld.o] Error 1
16:58:09 **** Auto Build of configuration Debug for project cdma_transfer_test ****
make all 
Building file: ../src/helloworld.c
Invoking: ARM gcc compiler
arm-xilinx-eabi-gcc -Wall -O0 -g3 -c -fmessage-length=0 -MT"src/helloworld.o" -I../../cdma_transfer_test_bsp/ps7_cortexa9_0/include -MMD -MP -MF"src/helloworld.d" -MT"src/helloworld.d" -o "src/helloworld.o" "../src/helloworld.c"
../src/helloworld.c: In function 'SetupI2C':
../src/helloworld.c:78:44: error: 'i2c_config' undeclared (first use in this function)
     Status = XIicPs_CfgInitialize(i2c_dev, i2c_config, I2C_config->BaseAddress);
                                            ^
../src/helloworld.c:78:44: note: each undeclared identifier is reported only once for each function it appears in
../src/helloworld.c: In function 'main':
../src/helloworld.c:195:20: error: 'PROCESSOR_BRAM_MEMORY' undeclared (first use in this function)
     source = (u8 *)PROCESSOR_BRAM_MEMORY;
                    ^
../src/helloworld.c: In function 'SetupI2C':
../src/helloworld.c:94:1: warning: control reaches end of non-void function [-Wreturn-type]
 }
 ^
make: *** [src/helloworld.o] Error 1
16:59:05 **** Auto Build of configuration Debug for project cdma_transfer_test ****
make all 
Building file: ../src/helloworld.c
Invoking: ARM gcc compiler
arm-xilinx-eabi-gcc -Wall -O0 -g3 -c -fmessage-length=0 -MT"src/helloworld.o" -I../../cdma_transfer_test_bsp/ps7_cortexa9_0/include -MMD -MP -MF"src/helloworld.d" -MT"src/helloworld.d" -o "src/helloworld.o" "../src/helloworld.c"
../src/helloworld.c: In function 'SetupI2C':
../src/helloworld.c:74:11: error: incompatible types when assigning to type 'XIicPs_Config' from type 'struct XIicPs_Config *'
  i2c_conf = XIicPs_LookupConfig(i2c_dev_id);
           ^
../src/helloworld.c:75:18: error: invalid operands to binary == (have 'XIicPs_Config' and 'void *')
     if (i2c_conf == NULL) {
                  ^
../src/helloworld.c:79:44: error: 'i2c_config' undeclared (first use in this function)
     Status = XIicPs_CfgInitialize(i2c_dev, i2c_config, I2C_config->BaseAddress);
                                            ^
../src/helloworld.c:79:44: note: each undeclared identifier is reported only once for each function it appears in
../src/helloworld.c: In function 'main':
../src/helloworld.c:196:20: error: 'PROCESSOR_BRAM_MEMORY' undeclared (first use in this function)
     source = (u8 *)PROCESSOR_BRAM_MEMORY;
                    ^
../src/helloworld.c: In function 'SetupI2C':
../src/helloworld.c:95:1: warning: control reaches end of non-void function [-Wreturn-type]
 }
 ^
make: *** [src/helloworld.o] Error 1
16:59:08 **** Auto Build of configuration Debug for project cdma_transfer_test ****
make all 
Building file: ../src/helloworld.c
Invoking: ARM gcc compiler
arm-xilinx-eabi-gcc -Wall -O0 -g3 -c -fmessage-length=0 -MT"src/helloworld.o" -I../../cdma_transfer_test_bsp/ps7_cortexa9_0/include -MMD -MP -MF"src/helloworld.d" -MT"src/helloworld.d" -o "src/helloworld.o" "../src/helloworld.c"
../src/helloworld.c: In function 'SetupI2C':
../src/helloworld.c:75:11: error: incompatible types when assigning to type 'XIicPs_Config' from type 'struct XIicPs_Config *'
  i2c_conf = XIicPs_LookupConfig(i2c_dev_id);
           ^
../src/helloworld.c:76:18: error: invalid operands to binary == (have 'XIicPs_Config' and 'void *')
     if (i2c_conf == NULL) {
                  ^
../src/helloworld.c:80:44: error: 'i2c_config' undeclared (first use in this function)
     Status = XIicPs_CfgInitialize(i2c_dev, i2c_config, I2C_config->BaseAddress);
                                            ^
../src/helloworld.c:80:44: note: each undeclared identifier is reported only once for each function it appears in
../src/helloworld.c: In function 'main':
../src/helloworld.c:197:20: error: 'PROCESSOR_BRAM_MEMORY' undeclared (first use in this function)
     source = (u8 *)PROCESSOR_BRAM_MEMORY;
                    ^
../src/helloworld.c: In function 'SetupI2C':
../src/helloworld.c:96:1: warning: control reaches end of non-void function [-Wreturn-type]
 }
 ^
make: *** [src/helloworld.o] Error 1
16:59:26 **** Auto Build of configuration Debug for project cdma_transfer_test ****
make all 
Building file: ../src/helloworld.c
Invoking: ARM gcc compiler
arm-xilinx-eabi-gcc -Wall -O0 -g3 -c -fmessage-length=0 -MT"src/helloworld.o" -I../../cdma_transfer_test_bsp/ps7_cortexa9_0/include -MMD -MP -MF"src/helloworld.d" -MT"src/helloworld.d" -o "src/helloworld.o" "../src/helloworld.c"
../src/helloworld.c: In function 'SetupI2C':
../src/helloworld.c:78:44: error: 'i2c_config' undeclared (first use in this function)
     Status = XIicPs_CfgInitialize(i2c_dev, i2c_config, I2C_config->BaseAddress);
                                            ^
../src/helloworld.c:78:44: note: each undeclared identifier is reported only once for each function it appears in
../src/helloworld.c: In function 'main':
../src/helloworld.c:195:20: error: 'PROCESSOR_BRAM_MEMORY' undeclared (first use in this function)
     source = (u8 *)PROCESSOR_BRAM_MEMORY;
                    ^
../src/helloworld.c: In function 'SetupI2C':
../src/helloworld.c:94:1: warning: control reaches end of non-void function [-Wreturn-type]
 }
 ^
make: *** [src/helloworld.o] Error 1
16:59:53 **** Auto Build of configuration Debug for project cdma_transfer_test ****
make all 
Building file: ../src/helloworld.c
Invoking: ARM gcc compiler
arm-xilinx-eabi-gcc -Wall -O0 -g3 -c -fmessage-length=0 -MT"src/helloworld.o" -I../../cdma_transfer_test_bsp/ps7_cortexa9_0/include -MMD -MP -MF"src/helloworld.d" -MT"src/helloworld.d" -o "src/helloworld.o" "../src/helloworld.c"
../src/helloworld.c: In function 'main':
../src/helloworld.c:195:20: error: 'PROCESSOR_BRAM_MEMORY' undeclared (first use in this function)
     source = (u8 *)PROCESSOR_BRAM_MEMORY;
                    ^
../src/helloworld.c:195:20: note: each undeclared identifier is reported only once for each function it appears in
../src/helloworld.c: In function 'SetupI2C':
../src/helloworld.c:94:1: warning: control reaches end of non-void function [-Wreturn-type]
 }
 ^
make: *** [src/helloworld.o] Error 1
17:00:07 **** Auto Build of configuration Debug for project cdma_transfer_test ****
make all 
Building file: ../src/helloworld.c
Invoking: ARM gcc compiler
arm-xilinx-eabi-gcc -Wall -O0 -g3 -c -fmessage-length=0 -MT"src/helloworld.o" -I../../cdma_transfer_test_bsp/ps7_cortexa9_0/include -MMD -MP -MF"src/helloworld.d" -MT"src/helloworld.d" -o "src/helloworld.o" "../src/helloworld.c"
../src/helloworld.c: In function 'main':
../src/helloworld.c:194:20: error: 'PROCESSOR_BRAM_MEMORY' undeclared (first use in this function)
     source = (u8 *)PROCESSOR_BRAM_MEMORY;
                    ^
../src/helloworld.c:194:20: note: each undeclared identifier is reported only once for each function it appears in
../src/helloworld.c: In function 'SetupI2C':
../src/helloworld.c:93:1: warning: control reaches end of non-void function [-Wreturn-type]
 }
 ^
make: *** [src/helloworld.o] Error 1
17:00:13 **** Auto Build of configuration Debug for project cdma_transfer_test ****
make all 
Building file: ../src/helloworld.c
Invoking: ARM gcc compiler
arm-xilinx-eabi-gcc -Wall -O0 -g3 -c -fmessage-length=0 -MT"src/helloworld.o" -I../../cdma_transfer_test_bsp/ps7_cortexa9_0/include -MMD -MP -MF"src/helloworld.d" -MT"src/helloworld.d" -o "src/helloworld.o" "../src/helloworld.c"
../src/helloworld.c: In function 'main':
../src/helloworld.c:194:20: error: 'PROCESSOR_BRAM_MEMORY' undeclared (first use in this function)
     source = (u8 *)PROCESSOR_BRAM_MEMORY;
                    ^
../src/helloworld.c:194:20: note: each undeclared identifier is reported only once for each function it appears in
../src/helloworld.c: In function 'SetupI2C':
../src/helloworld.c:93:1: warning: control reaches end of non-void function [-Wreturn-type]
 }
 ^
make: *** [src/helloworld.o] Error 1
17:00:39 **** Auto Build of configuration Debug for project cdma_transfer_test ****
make all 
Building file: ../src/helloworld.c
Invoking: ARM gcc compiler
arm-xilinx-eabi-gcc -Wall -O0 -g3 -c -fmessage-length=0 -MT"src/helloworld.o" -I../../cdma_transfer_test_bsp/ps7_cortexa9_0/include -MMD -MP -MF"src/helloworld.d" -MT"src/helloworld.d" -o "src/helloworld.o" "../src/helloworld.c"
../src/helloworld.c: In function 'main':
../src/helloworld.c:194:20: error: 'PROCESSOR_BRAM_MEMORY' undeclared (first use in this function)
     source = (u8 *)PROCESSOR_BRAM_MEMORY;
                    ^
../src/helloworld.c:194:20: note: each undeclared identifier is reported only once for each function it appears in
../src/helloworld.c: In function 'SetupI2C':
../src/helloworld.c:93:1: warning: control reaches end of non-void function [-Wreturn-type]
 }
 ^
make: *** [src/helloworld.o] Error 1
17:00:52 **** Auto Build of configuration Debug for project cdma_transfer_test ****
make all 
Building file: ../src/helloworld.c
Invoking: ARM gcc compiler
arm-xilinx-eabi-gcc -Wall -O0 -g3 -c -fmessage-length=0 -MT"src/helloworld.o" -I../../cdma_transfer_test_bsp/ps7_cortexa9_0/include -MMD -MP -MF"src/helloworld.d" -MT"src/helloworld.d" -o "src/helloworld.o" "../src/helloworld.c"
../src/helloworld.c: In function 'main':
../src/helloworld.c:194:20: error: 'PROCESSOR_BRAM_MEMORY' undeclared (first use in this function)
     source = (u8 *)PROCESSOR_BRAM_MEMORY;
                    ^
../src/helloworld.c:194:20: note: each undeclared identifier is reported only once for each function it appears in
../src/helloworld.c: In function 'SetupI2C':
../src/helloworld.c:93:1: warning: control reaches end of non-void function [-Wreturn-type]
 }
 ^
make: *** [src/helloworld.o] Error 1
17:01:00 **** Auto Build of configuration Debug for project cdma_transfer_test ****
make all 
Building file: ../src/helloworld.c
Invoking: ARM gcc compiler
arm-xilinx-eabi-gcc -Wall -O0 -g3 -c -fmessage-length=0 -MT"src/helloworld.o" -I../../cdma_transfer_test_bsp/ps7_cortexa9_0/include -MMD -MP -MF"src/helloworld.d" -MT"src/helloworld.d" -o "src/helloworld.o" "../src/helloworld.c"
../src/helloworld.c: In function 'main':
../src/helloworld.c:194:20: error: 'PROCESSOR_BRAM_MEMORY' undeclared (first use in this function)
     source = (u8 *)PROCESSOR_BRAM_MEMORY;
                    ^
../src/helloworld.c:194:20: note: each undeclared identifier is reported only once for each function it appears in
../src/helloworld.c: In function 'SetupI2C':
../src/helloworld.c:93:1: warning: control reaches end of non-void function [-Wreturn-type]
 }
 ^
make: *** [src/helloworld.o] Error 1
17:01:15 **** Auto Build of configuration Debug for project cdma_transfer_test ****
make all 
Building file: ../src/helloworld.c
Invoking: ARM gcc compiler
arm-xilinx-eabi-gcc -Wall -O0 -g3 -c -fmessage-length=0 -MT"src/helloworld.o" -I../../cdma_transfer_test_bsp/ps7_cortexa9_0/include -MMD -MP -MF"src/helloworld.d" -MT"src/helloworld.d" -o "src/helloworld.o" "../src/helloworld.c"
../src/helloworld.c: In function 'main':
../src/helloworld.c:196:20: error: 'PROCESSOR_BRAM_MEMORY' undeclared (first use in this function)
     source = (u8 *)PROCESSOR_BRAM_MEMORY;
                    ^
../src/helloworld.c:196:20: note: each undeclared identifier is reported only once for each function it appears in
make: *** [src/helloworld.o] Error 1
17:01:29 **** Auto Build of configuration Debug for project cdma_transfer_test ****
make all 
Building file: ../src/helloworld.c
Invoking: ARM gcc compiler
arm-xilinx-eabi-gcc -Wall -O0 -g3 -c -fmessage-length=0 -MT"src/helloworld.o" -I../../cdma_transfer_test_bsp/ps7_cortexa9_0/include -MMD -MP -MF"src/helloworld.d" -MT"src/helloworld.d" -o "src/helloworld.o" "../src/helloworld.c"
../src/helloworld.c: In function 'main':
../src/helloworld.c:196:20: error: 'PROCESSOR_BRAM_MEMORY' undeclared (first use in this function)
     source = (u8 *)PROCESSOR_BRAM_MEMORY;
                    ^
../src/helloworld.c:196:20: note: each undeclared identifier is reported only once for each function it appears in
make: *** [src/helloworld.o] Error 1
17:01:58 **** Auto Build of configuration Debug for project cdma_transfer_test ****
make all 
Building file: ../src/helloworld.c
Invoking: ARM gcc compiler
arm-xilinx-eabi-gcc -Wall -O0 -g3 -c -fmessage-length=0 -MT"src/helloworld.o" -I../../cdma_transfer_test_bsp/ps7_cortexa9_0/include -MMD -MP -MF"src/helloworld.d" -MT"src/helloworld.d" -o "src/helloworld.o" "../src/helloworld.c"
../src/helloworld.c: In function 'main':
../src/helloworld.c:196:20: error: 'PROCESSOR_BRAM_MEMORY' undeclared (first use in this function)
     source = (u8 *)PROCESSOR_BRAM_MEMORY;
                    ^
../src/helloworld.c:196:20: note: each undeclared identifier is reported only once for each function it appears in
../src/helloworld.c:301:115: error: 'Example_CallBack' undeclared (first use in this function)
      Status = XAxiCdma_SimpleTransfer(&xcdma, (u32)cdma_memory_source, (u32) cdma_memory_destination, numofbytes, Example_CallBack, (void *) &xcdma);
                                                                                                                   ^
../src/helloworld.c: At top level:
../src/helloworld.c:16:13: warning: 'DMA_CallBack' defined but not used [-Wunused-function]
 static void DMA_CallBack(void *CallBackRef, u32 IrqMask, int *IgnorePtr)
             ^
make: *** [src/helloworld.o] Error 1
17:15:28 **** Auto Build of configuration Debug for project cdma_transfer_test ****
make all 
Building file: ../src/helloworld.c
Invoking: ARM gcc compiler
arm-xilinx-eabi-gcc -Wall -O0 -g3 -c -fmessage-length=0 -MT"src/helloworld.o" -I../../cdma_transfer_test_bsp/ps7_cortexa9_0/include -MMD -MP -MF"src/helloworld.d" -MT"src/helloworld.d" -o "src/helloworld.o" "../src/helloworld.c"
../src/helloworld.c: In function 'main':
../src/helloworld.c:196:20: error: 'PROCESSOR_BRAM_MEMORY' undeclared (first use in this function)
     source = (u8 *)PROCESSOR_BRAM_MEMORY;
                    ^
../src/helloworld.c:196:20: note: each undeclared identifier is reported only once for each function it appears in
../src/helloworld.c:301:115: error: 'Example_CallBack' undeclared (first use in this function)
      Status = XAxiCdma_SimpleTransfer(&xcdma, (u32)cdma_memory_source, (u32) cdma_memory_destination, numofbytes, Example_CallBack, (void *) &xcdma);
                                                                                                                   ^
../src/helloworld.c: At top level:
../src/helloworld.c:16:13: warning: 'DMA_CallBack' defined but not used [-Wunused-function]
 static void DMA_CallBack(void *CallBackRef, u32 IrqMask, int *IgnorePtr)
             ^
make: *** [src/helloworld.o] Error 1
17:15:30 **** Auto Build of configuration Debug for project cdma_transfer_test ****
make all 
Building file: ../src/helloworld.c
Invoking: ARM gcc compiler
arm-xilinx-eabi-gcc -Wall -O0 -g3 -c -fmessage-length=0 -MT"src/helloworld.o" -I../../cdma_transfer_test_bsp/ps7_cortexa9_0/include -MMD -MP -MF"src/helloworld.d" -MT"src/helloworld.d" -o "src/helloworld.o" "../src/helloworld.c"
../src/helloworld.c: In function 'main':
../src/helloworld.c:196:20: error: 'PROCESSOR_BRAM_MEMORY' undeclared (first use in this function)
     source = (u8 *)PROCESSOR_BRAM_MEMORY;
                    ^
../src/helloworld.c:196:20: note: each undeclared identifier is reported only once for each function it appears in
../src/helloworld.c:301:115: error: 'Example_CallBack' undeclared (first use in this function)
      Status = XAxiCdma_SimpleTransfer(&xcdma, (u32)cdma_memory_source, (u32) cdma_memory_destination, numofbytes, Example_CallBack, (void *) &xcdma);
                                                                                                                   ^
../src/helloworld.c: At top level:
../src/helloworld.c:16:13: warning: 'DMA_CallBack' defined but not used [-Wunused-function]
 static void DMA_CallBack(void *CallBackRef, u32 IrqMask, int *IgnorePtr)
             ^
make: *** [src/helloworld.o] Error 1
17:15:50 **** Auto Build of configuration Debug for project cdma_transfer_test ****
make all 
Building file: ../src/helloworld.c
Invoking: ARM gcc compiler
arm-xilinx-eabi-gcc -Wall -O0 -g3 -c -fmessage-length=0 -MT"src/helloworld.o" -I../../cdma_transfer_test_bsp/ps7_cortexa9_0/include -MMD -MP -MF"src/helloworld.d" -MT"src/helloworld.d" -o "src/helloworld.o" "../src/helloworld.c"
../src/helloworld.c: In function 'main':
../src/helloworld.c:196:20: error: 'PROCESSOR_BRAM_MEMORY' undeclared (first use in this function)
     source = (u8 *)PROCESSOR_BRAM_MEMORY;
                    ^
../src/helloworld.c:196:20: note: each undeclared identifier is reported only once for each function it appears in
../src/helloworld.c:301:115: error: 'Example_CallBack' undeclared (first use in this function)
      Status = XAxiCdma_SimpleTransfer(&xcdma, (u32)cdma_memory_source, (u32) cdma_memory_destination, numofbytes, Example_CallBack, (void *) &xcdma);
                                                                                                                   ^
../src/helloworld.c: At top level:
../src/helloworld.c:16:13: warning: 'DMA_CallBack' defined but not used [-Wunused-function]
 static void DMA_CallBack(void *CallBackRef, u32 IrqMask, int *IgnorePtr)
             ^
make: *** [src/helloworld.o] Error 1
17:16:03 **** Auto Build of configuration Debug for project cdma_transfer_test ****
make all 
Building file: ../src/helloworld.c
Invoking: ARM gcc compiler
arm-xilinx-eabi-gcc -Wall -O0 -g3 -c -fmessage-length=0 -MT"src/helloworld.o" -I../../cdma_transfer_test_bsp/ps7_cortexa9_0/include -MMD -MP -MF"src/helloworld.d" -MT"src/helloworld.d" -o "src/helloworld.o" "../src/helloworld.c"
../src/helloworld.c: In function 'main':
../src/helloworld.c:196:20: error: 'PROCESSOR_BRAM_MEMORY' undeclared (first use in this function)
     source = (u8 *)PROCESSOR_BRAM_MEMORY;
                    ^
../src/helloworld.c:196:20: note: each undeclared identifier is reported only once for each function it appears in
../src/helloworld.c:301:115: error: 'Example_CallBack' undeclared (first use in this function)
      Status = XAxiCdma_SimpleTransfer(&xcdma, (u32)cdma_memory_source, (u32) cdma_memory_destination, numofbytes, Example_CallBack, (void *) &xcdma);
                                                                                                                   ^
../src/helloworld.c: At top level:
../src/helloworld.c:16:13: warning: 'DMA_CallBack' defined but not used [-Wunused-function]
 static void DMA_CallBack(void *CallBackRef, u32 IrqMask, int *IgnorePtr)
             ^
make: *** [src/helloworld.o] Error 1
17:16:18 **** Auto Build of configuration Debug for project cdma_transfer_test ****
make all 
Building file: ../src/helloworld.c
Invoking: ARM gcc compiler
arm-xilinx-eabi-gcc -Wall -O0 -g3 -c -fmessage-length=0 -MT"src/helloworld.o" -I../../cdma_transfer_test_bsp/ps7_cortexa9_0/include -MMD -MP -MF"src/helloworld.d" -MT"src/helloworld.d" -o "src/helloworld.o" "../src/helloworld.c"
In file included from ../src/helloworld.c:2:0:
../src/helloworld.h:63:5: error: two or more data types in declaration specifiers
 int int setup_cdma_interrupts(XScuGic *GicPtr, XAxiCdma  *DmaPtr);
     ^
../src/helloworld.c: In function 'main':
../src/helloworld.c:164:2: warning: implicit declaration of function 'SetupIntrSystem' [-Wimplicit-function-declaration]
  Status = SetupIntrSystem(&Gic, &xcdma);
  ^
../src/helloworld.c:196:20: error: 'PROCESSOR_BRAM_MEMORY' undeclared (first use in this function)
     source = (u8 *)PROCESSOR_BRAM_MEMORY;
                    ^
../src/helloworld.c:196:20: note: each undeclared identifier is reported only once for each function it appears in
../src/helloworld.c:301:115: error: 'Example_CallBack' undeclared (first use in this function)
      Status = XAxiCdma_SimpleTransfer(&xcdma, (u32)cdma_memory_source, (u32) cdma_memory_destination, numofbytes, Example_CallBack, (void *) &xcdma);
                                                                                                                   ^
../src/helloworld.c: At top level:
../src/helloworld.c:16:13: warning: 'DMA_CallBack' defined but not used [-Wunused-function]
 static void DMA_CallBack(void *CallBackRef, u32 IrqMask, int *IgnorePtr)
             ^
make: *** [src/helloworld.o] Error 1
17:16:21 **** Auto Build of configuration Debug for project cdma_transfer_test ****
make all 
Building file: ../src/helloworld.c
Invoking: ARM gcc compiler
arm-xilinx-eabi-gcc -Wall -O0 -g3 -c -fmessage-length=0 -MT"src/helloworld.o" -I../../cdma_transfer_test_bsp/ps7_cortexa9_0/include -MMD -MP -MF"src/helloworld.d" -MT"src/helloworld.d" -o "src/helloworld.o" "../src/helloworld.c"
../src/helloworld.c: In function 'main':
../src/helloworld.c:164:2: warning: implicit declaration of function 'SetupIntrSystem' [-Wimplicit-function-declaration]
  Status = SetupIntrSystem(&Gic, &xcdma);
  ^
../src/helloworld.c:196:20: error: 'PROCESSOR_BRAM_MEMORY' undeclared (first use in this function)
     source = (u8 *)PROCESSOR_BRAM_MEMORY;
                    ^
../src/helloworld.c:196:20: note: each undeclared identifier is reported only once for each function it appears in
../src/helloworld.c:301:115: error: 'Example_CallBack' undeclared (first use in this function)
      Status = XAxiCdma_SimpleTransfer(&xcdma, (u32)cdma_memory_source, (u32) cdma_memory_destination, numofbytes, Example_CallBack, (void *) &xcdma);
[...]
../src/helloworld.c: In function 'main':
../src/helloworld.c:74:19: warning: unused variable 'tEnd' [-Wunused-variable]
     XTime tStart, tEnd;
                   ^
../src/helloworld.c:74:11: warning: unused variable 'tStart' [-Wunused-variable]
     XTime tStart, tEnd;
           ^
../src/helloworld.c:73:9: warning: unused variable 'dma_log' [-Wunused-variable]
     u32 dma_log[1000];
         ^
../src/helloworld.c:71:9: warning: unused variable 'test_done' [-Wunused-variable]
     u32 test_done = 0;
         ^
../src/helloworld.c:70:32: warning: unused variable 'cdma_memory_destination' [-Wunused-variable]
     u8 * cdma_memory_source, * cdma_memory_destination;
                                ^
../src/helloworld.c:70:10: warning: unused variable 'cdma_memory_source' [-Wunused-variable]
     u8 * cdma_memory_source, * cdma_memory_destination;
          ^
../src/helloworld.c:69:20: warning: unused variable 'destination' [-Wunused-variable]
     u8 * source, * destination;
                    ^
../src/helloworld.c:69:10: warning: unused variable 'source' [-Wunused-variable]
     u8 * source, * destination;
          ^
../src/helloworld.c:68:9: warning: unused variable 'numofbytes' [-Wunused-variable]
     int numofbytes;
         ^
../src/helloworld.c:67:9: warning: unused variable 'CDMA_Status' [-Wunused-variable]
  int i, CDMA_Status;
         ^
../src/helloworld.c:67:6: warning: unused variable 'i' [-Wunused-variable]
  int i, CDMA_Status;
      ^
../src/helloworld.c:66:5: warning: unused variable 'select' [-Wunused-variable]
  u8 select;
     ^
../src/helloworld.c: At top level:
../src/helloworld.c:26:13: warning: 'dma_CallBack' defined but not used [-Wunused-function]
 static void dma_CallBack(void *CallBackRef, u32 IrqMask, int *IgnorePtr)
             ^
Finished building: ../src/helloworld.c
 
Building file: ../src/platform.c
Invoking: ARM gcc compiler
arm-xilinx-eabi-gcc -Wall -O0 -g3 -c -fmessage-length=0 -MT"src/platform.o" -I../../cdma_transfer_test_bsp/ps7_cortexa9_0/include -MMD -MP -MF"src/platform.d" -MT"src/platform.d" -o "src/platform.o" "../src/platform.c"
Finished building: ../src/platform.c
 
Building target: cdma_transfer_test.elf
Invoking: ARM gcc linker
arm-xilinx-eabi-gcc -Wl,-T -Wl,../src/lscript.ld -L../../cdma_transfer_test_bsp/ps7_cortexa9_0/lib -o "cdma_transfer_test.elf"  ./src/helloworld.o ./src/platform.o   -Wl,--start-group,-lxil,-lgcc,-lc,--end-group
Finished building target: cdma_transfer_test.elf
 
Invoking: ARM Print Size
arm-xilinx-eabi-size cdma_transfer_test.elf  |tee "cdma_transfer_test.elf.size"
   text	   data	    bss	    dec	    hex	filename
  50756	   2000	  23076	  75832	  12838	cdma_transfer_test.elf
Finished building: cdma_transfer_test.elf.size
 
17:47:29 **** Incremental Build of configuration Debug for project cdma_transfer_test ****
make all 
make: Nothing to be done for `all'.
18:09:57 **** Clean-only build of project cdma_transfer_test_bsp ****
make -k clean 
rm -f ps7_cortexa9_0/lib/libxil.a
18:09:58 **** Clean-only build of configuration Debug for project cdma_transfer_test ****
make clean 
rm -rf  ./src/helloworld.o ./src/platform.o  ./src/helloworld.d ./src/platform.d  cdma_transfer_test.elf.size  cdma_transfer_test.elf
 
18:09:58 **** Build of project cdma_transfer_test_bsp ****
make -k all 
Running Make include in ps7_cortexa9_0/libsrc/ddrps_v1_0/src
make -C ps7_cortexa9_0/libsrc/ddrps_v1_0/src -s include  "SHELL=/bin/sh" "COMPILER=arm-xilinx-eabi-gcc" "ARCHIVER=arm-xilinx-eabi-ar" "COMPILER_FLAGS=  -O2 -c" "EXTRA_COMPILER_FLAGS=-g"
Running Make include in ps7_cortexa9_0/libsrc/standalone_v5_2/src
make -C ps7_cortexa9_0/libsrc/standalone_v5_2/src -s include  "SHELL=/bin/sh" "COMPILER=arm-xilinx-eabi-gcc" "ARCHIVER=arm-xilinx-eabi-ar" "COMPILER_FLAGS=  -O2 -c" "EXTRA_COMPILER_FLAGS=-g"
Running Make include in ps7_cortexa9_0/libsrc/uartps_v3_1/src
make -C ps7_cortexa9_0/libsrc/uartps_v3_1/src -s include  "SHELL=/bin/sh" "COMPILER=arm-xilinx-eabi-gcc" "ARCHIVER=arm-xilinx-eabi-ar" "COMPILER_FLAGS=  -O2 -c" "EXTRA_COMPILER_FLAGS=-g"
Running Make include in ps7_cortexa9_0/libsrc/coresightps_dcc_v1_1/src
make -C ps7_cortexa9_0/libsrc/coresightps_dcc_v1_1/src -s include  "SHELL=/bin/sh" "COMPILER=arm-xilinx-eabi-gcc" "ARCHIVER=arm-xilinx-eabi-ar" "COMPILER_FLAGS=  -O2 -c" "EXTRA_COMPILER_FLAGS=-g"
Running Make include in ps7_cortexa9_0/libsrc/devcfg_v3_3/src
make -C ps7_cortexa9_0/libsrc/devcfg_v3_3/src -s include  "SHELL=/bin/sh" "COMPILER=arm-xilinx-eabi-gcc" "ARCHIVER=arm-xilinx-eabi-ar" "COMPILER_FLAGS=  -O2 -c" "EXTRA_COMPILER_FLAGS=-g"
Running Make include in ps7_cortexa9_0/libsrc/xadcps_v2_2/src
make -C ps7_cortexa9_0/libsrc/xadcps_v2_2/src -s include  "SHELL=/bin/sh" "COMPILER=arm-xilinx-eabi-gcc" "ARCHIVER=arm-xilinx-eabi-ar" "COMPILER_FLAGS=  -O2 -c" "EXTRA_COMPILER_FLAGS=-g"
Running Make include in ps7_cortexa9_0/libsrc/dmaps_v2_1/src
make -C ps7_cortexa9_0/libsrc/dmaps_v2_1/src -s include  "SHELL=/bin/sh" "COMPILER=arm-xilinx-eabi-gcc" "ARCHIVER=arm-xilinx-eabi-ar" "COMPILER_FLAGS=  -O2 -c" "EXTRA_COMPILER_FLAGS=-g"
Running Make include in ps7_cortexa9_0/libsrc/sdps_v2_5/src
make -C ps7_cortexa9_0/libsrc/sdps_v2_5/src -s include  "SHELL=/bin/sh" "COMPILER=arm-xilinx-eabi-gcc" "ARCHIVER=arm-xilinx-eabi-ar" "COMPILER_FLAGS=  -O2 -c" "EXTRA_COMPILER_FLAGS=-g"
Running Make include in ps7_cortexa9_0/libsrc/gpiops_v3_1/src
make -C ps7_cortexa9_0/libsrc/gpiops_v3_1/src -s include  "SHELL=/bin/sh" "COMPILER=arm-xilinx-eabi-gcc" "ARCHIVER=arm-xilinx-eabi-ar" "COMPILER_FLAGS=  -O2 -c" "EXTRA_COMPILER_FLAGS=-g"
Running Make include in ps7_cortexa9_0/libsrc/scuwdt_v2_1/src
make -C ps7_cortexa9_0/libsrc/scuwdt_v2_1/src -s include  "SHELL=/bin/sh" "COMPILER=arm-xilinx-eabi-gcc" "ARCHIVER=arm-xilinx-eabi-ar" "COMPILER_FLAGS=  -O2 -c" "EXTRA_COMPILER_FLAGS=-g"
Running Make include in ps7_cortexa9_0/libsrc/cpu_cortexa9_v2_1/src
make -C ps7_cortexa9_0/libsrc/cpu_cortexa9_v2_1/src -s include  "SHELL=/bin/sh" "COMPILER=arm-xilinx-eabi-gcc" "ARCHIVER=arm-xilinx-eabi-ar" "COMPILER_FLAGS=  -O2 -c" "EXTRA_COMPILER_FLAGS=-g"
Running Make include in ps7_cortexa9_0/libsrc/iicps_v3_0/src
make -C ps7_cortexa9_0/libsrc/iicps_v3_0/src -s include  "SHELL=/bin/sh" "COMPILER=arm-xilinx-eabi-gcc" "ARCHIVER=arm-xilinx-eabi-ar" "COMPILER_FLAGS=  -O2 -c" "EXTRA_COMPILER_FLAGS=-g"
Running Make include in ps7_cortexa9_0/libsrc/emacps_v3_1/src
make -C ps7_cortexa9_0/libsrc/emacps_v3_1/src -s include  "SHELL=/bin/sh" "COMPILER=arm-xilinx-eabi-gcc" "ARCHIVER=arm-xilinx-eabi-ar" "COMPILER_FLAGS=  -O2 -c" "EXTRA_COMPILER_FLAGS=-g"
Running Make include in ps7_cortexa9_0/libsrc/scugic_v3_1/src
make -C ps7_cortexa9_0/libsrc/scugic_v3_1/src -s include  "SHELL=/bin/sh" "COMPILER=arm-xilinx-eabi-gcc" "ARCHIVER=arm-xilinx-eabi-ar" "COMPILER_FLAGS=  -O2 -c" "EXTRA_COMPILER_FLAGS=-g"
Running Make include in ps7_cortexa9_0/libsrc/usbps_v2_2/src
make -C ps7_cortexa9_0/libsrc/usbps_v2_2/src -s include  "SHELL=/bin/sh" "COMPILER=arm-xilinx-eabi-gcc" "ARCHIVER=arm-xilinx-eabi-ar" "COMPILER_FLAGS=  -O2 -c" "EXTRA_COMPILER_FLAGS=-g"
Running Make include in ps7_cortexa9_0/libsrc/gpio_v4_0/src
make -C ps7_cortexa9_0/libsrc/gpio_v4_0/src -s include  "SHELL=/bin/sh" "COMPILER=arm-xilinx-eabi-gcc" "ARCHIVER=arm-xilinx-eabi-ar" "COMPILER_FLAGS=  -O2 -c" "EXTRA_COMPILER_FLAGS=-g"
Running Make include in ps7_cortexa9_0/libsrc/ttcps_v3_0/src
make -C ps7_cortexa9_0/libsrc/ttcps_v3_0/src -s include  "SHELL=/bin/sh" "COMPILER=arm-xilinx-eabi-gcc" "ARCHIVER=arm-xilinx-eabi-ar" "COMPILER_FLAGS=  -O2 -c" "EXTRA_COMPILER_FLAGS=-g"
Running Make include in ps7_cortexa9_0/libsrc/scutimer_v2_1/src
make -C ps7_cortexa9_0/libsrc/scutimer_v2_1/src -s include  "SHELL=/bin/sh" "COMPILER=arm-xilinx-eabi-gcc" "ARCHIVER=arm-xilinx-eabi-ar" "COMPILER_FLAGS=  -O2 -c" "EXTRA_COMPILER_FLAGS=-g"
Running Make include in ps7_cortexa9_0/libsrc/qspips_v3_2/src
make -C ps7_cortexa9_0/libsrc/qspips_v3_2/src -s include  "SHELL=/bin/sh" "COMPILER=arm-xilinx-eabi-gcc" "ARCHIVER=arm-xilinx-eabi-ar" "COMPILER_FLAGS=  -O2 -c" "EXTRA_COMPILER_FLAGS=-g"
Running Make include in ps7_cortexa9_0/libsrc/axicdma_v4_0/src
make -C ps7_cortexa9_0/libsrc/axicdma_v4_0/src -s include  "SHELL=/bin/sh" "COMPILER=arm-xilinx-eabi-gcc" "ARCHIVER=arm-xilinx-eabi-ar" "COMPILER_FLAGS=  -O2 -c" "EXTRA_COMPILER_FLAGS=-g"
Running Make libs in ps7_cortexa9_0/libsrc/ddrps_v1_0/src
make -C ps7_cortexa9_0/libsrc/ddrps_v1_0/src -s libs  "SHELL=/bin/sh" "COMPILER=arm-xilinx-eabi-gcc" "ARCHIVER=arm-xilinx-eabi-ar" "COMPILER_FLAGS=  -O2 -c" "EXTRA_COMPILER_FLAGS=-g"
Compiling ddrps
arm-xilinx-eabi-ar: creating ../../../lib/libxil.a
Running Make libs in ps7_cortexa9_0/libsrc/standalone_v5_2/src
make -C ps7_cortexa9_0/libsrc/standalone_v5_2/src -s libs  "SHELL=/bin/sh" "COMPILER=arm-xilinx-eabi-gcc" "ARCHIVER=arm-xilinx-eabi-ar" "COMPILER_FLAGS=  -O2 -c" "EXTRA_COMPILER_FLAGS=-g"
Compiling standalone
Running Make libs in ps7_cortexa9_0/libsrc/uartps_v3_1/src
make -C ps7_cortexa9_0/libsrc/uartps_v3_1/src -s libs  "SHELL=/bin/sh" "COMPILER=arm-xilinx-eabi-gcc" "ARCHIVER=arm-xilinx-eabi-ar" "COMPILER_FLAGS=  -O2 -c" "EXTRA_COMPILER_FLAGS=-g"
Compiling uartps
Running Make libs in ps7_cortexa9_0/libsrc/coresightps_dcc_v1_1/src
make -C ps7_cortexa9_0/libsrc/coresightps_dcc_v1_1/src -s libs  "SHELL=/bin/sh" "COMPILER=arm-xilinx-eabi-gcc" "ARCHIVER=arm-xilinx-eabi-ar" "COMPILER_FLAGS=  -O2 -c" "EXTRA_COMPILER_FLAGS=-g"
Compiling coresightps_dcc
Running Make libs in ps7_cortexa9_0/libsrc/devcfg_v3_3/src
make -C ps7_cortexa9_0/libsrc/devcfg_v3_3/src -s libs  "SHELL=/bin/sh" "COMPILER=arm-xilinx-eabi-gcc" "ARCHIVER=arm-xilinx-eabi-ar" "COMPILER_FLAGS=  -O2 -c" "EXTRA_COMPILER_FLAGS=-g"
Compiling devcfg
Running Make libs in ps7_cortexa9_0/libsrc/xadcps_v2_2/src
make -C ps7_cortexa9_0/libsrc/xadcps_v2_2/src -s libs  "SHELL=/bin/sh" "COMPILER=arm-xilinx-eabi-gcc" "ARCHIVER=arm-xilinx-eabi-ar" "COMPILER_FLAGS=  -O2 -c" "EXTRA_COMPILER_FLAGS=-g"
Compiling xadcps
Running Make libs in ps7_cortexa9_0/libsrc/dmaps_v2_1/src
make -C ps7_cortexa9_0/libsrc/dmaps_v2_1/src -s libs  "SHELL=/bin/sh" "COMPILER=arm-xilinx-eabi-gcc" "ARCHIVER=arm-xilinx-eabi-ar" "COMPILER_FLAGS=  -O2 -c" "EXTRA_COMPILER_FLAGS=-g"
Compiling dmaps
Running Make libs in ps7_cortexa9_0/libsrc/sdps_v2_5/src
make -C ps7_cortexa9_0/libsrc/sdps_v2_5/src -s libs  "SHELL=/bin/sh" "COMPILER=arm-xilinx-eabi-gcc" "ARCHIVER=arm-xilinx-eabi-ar" "COMPILER_FLAGS=  -O2 -c" "EXTRA_COMPILER_FLAGS=-g"
Compiling sdps
Running Make libs in ps7_cortexa9_0/libsrc/gpiops_v3_1/src
make -C ps7_cortexa9_0/libsrc/gpiops_v3_1/src -s libs  "SHELL=/bin/sh" "COMPILER=arm-xilinx-eabi-gcc" "ARCHIVER=arm-xilinx-eabi-ar" "COMPILER_FLAGS=  -O2 -c" "EXTRA_COMPILER_FLAGS=-g"
Compiling gpiops
Running Make libs in ps7_cortexa9_0/libsrc/scuwdt_v2_1/src
make -C ps7_cortexa9_0/libsrc/scuwdt_v2_1/src -s libs  "SHELL=/bin/sh" "COMPILER=arm-xilinx-eabi-gcc" "ARCHIVER=arm-xilinx-eabi-ar" "COMPILER_FLAGS=  -O2 -c" "EXTRA_COMPILER_FLAGS=-g"
Compiling scuwdt
Running Make libs in ps7_cortexa9_0/libsrc/cpu_cortexa9_v2_1/src
make -C ps7_cortexa9_0/libsrc/cpu_cortexa9_v2_1/src -s libs  "SHELL=/bin/sh" "COMPILER=arm-xilinx-eabi-gcc" "ARCHIVER=arm-xilinx-eabi-ar" "COMPILER_FLAGS=  -O2 -c" "EXTRA_COMPILER_FLAGS=-g"
Compiling cpu_cortexa9
Running Make libs in ps7_cortexa9_0/libsrc/iicps_v3_0/src
make -C ps7_cortexa9_0/libsrc/iicps_v3_0/src -s libs  "SHELL=/bin/sh" "COMPILER=arm-xilinx-eabi-gcc" "ARCHIVER=arm-xilinx-eabi-ar" "COMPILER_FLAGS=  -O2 -c" "EXTRA_COMPILER_FLAGS=-g"
Compiling iicps
Running Make libs in ps7_cortexa9_0/libsrc/emacps_v3_1/src
make -C ps7_cortexa9_0/libsrc/emacps_v3_1/src -s libs  "SHELL=/bin/sh" "COMPILER=arm-xilinx-eabi-gcc" "ARCHIVER=arm-xilinx-eabi-ar" "COMPILER_FLAGS=  -O2 -c" "EXTRA_COMPILER_FLAGS=-g"
Compiling emacps
Running Make libs in ps7_cortexa9_0/libsrc/scugic_v3_1/src
make -C ps7_cortexa9_0/libsrc/scugic_v3_1/src -s libs  "SHELL=/bin/sh" "COMPILER=arm-xilinx-eabi-gcc" "ARCHIVER=arm-xilinx-eabi-ar" "COMPILER_FLAGS=  -O2 -c" "EXTRA_COMPILER_FLAGS=-g"
Compiling scugic
Running Make libs in ps7_cortexa9_0/libsrc/usbps_v2_2/src
make -C ps7_cortexa9_0/libsrc/usbps_v2_2/src -s libs  "SHELL=/bin/sh" "COMPILER=arm-xilinx-eabi-gcc" "ARCHIVER=arm-xilinx-eabi-ar" "COMPILER_FLAGS=  -O2 -c" "EXTRA_COMPILER_FLAGS=-g"
Compiling usbps
Running Make libs in ps7_cortexa9_0/libsrc/gpio_v4_0/src
make -C ps7_cortexa9_0/libsrc/gpio_v4_0/src -s libs  "SHELL=/bin/sh" "COMPILER=arm-xilinx-eabi-gcc" "ARCHIVER=arm-xilinx-eabi-ar" "COMPILER_FLAGS=  -O2 -c" "EXTRA_COMPILER_FLAGS=-g"
Compiling gpio
Running Make libs in ps7_cortexa9_0/libsrc/ttcps_v3_0/src
make -C ps7_cortexa9_0/libsrc/ttcps_v3_0/src -s libs  "SHELL=/bin/sh" "COMPILER=arm-xilinx-eabi-gcc" "ARCHIVER=arm-xilinx-eabi-ar" "COMPILER_FLAGS=  -O2 -c" "EXTRA_COMPILER_FLAGS=-g"
Compiling ttcps
Running Make libs in ps7_cortexa9_0/libsrc/scutimer_v2_1/src
make -C ps7_cortexa9_0/libsrc/scutimer_v2_1/src -s libs  "SHELL=/bin/sh" "COMPILER=arm-xilinx-eabi-gcc" "ARCHIVER=arm-xilinx-eabi-ar" "COMPILER_FLAGS=  -O2 -c" "EXTRA_COMPILER_FLAGS=-g"
Compiling scutimer
Running Make libs in ps7_cortexa9_0/libsrc/qspips_v3_2/src
make -C ps7_cortexa9_0/libsrc/qspips_v3_2/src -s libs  "SHELL=/bin/sh" "COMPILER=arm-xilinx-eabi-gcc" "ARCHIVER=arm-xilinx-eabi-ar" "COMPILER_FLAGS=  -O2 -c" "EXTRA_COMPILER_FLAGS=-g"
Compiling qspips
Running Make libs in ps7_cortexa9_0/libsrc/axicdma_v4_0/src
make -C ps7_cortexa9_0/libsrc/axicdma_v4_0/src -s libs  "SHELL=/bin/sh" "COMPILER=arm-xilinx-eabi-gcc" "ARCHIVER=arm-xilinx-eabi-ar" "COMPILER_FLAGS=  -O2 -c" "EXTRA_COMPILER_FLAGS=-g"
Compiling axicdma
xaxicdma_bdring.c: In function 'XAxiCdma_BdRingGetCurrBd':
xaxicdma_bdring.c:204:10: warning: cast to pointer from integer of different size [-Wint-to-pointer-cast]
   return (XAxiCdma_Bd *)((XAxiCdma_BdRead(InstancePtr->BaseAddr, XAXICDMA_CDESC_OFFSET)) |
          ^
Finished building libraries
18:10:04 **** Build of configuration Debug for project cdma_transfer_test ****
make all 
Building file: ../src/helloworld.c
Invoking: ARM gcc compiler
arm-xilinx-eabi-gcc -Wall -O0 -g3 -c -fmessage-length=0 -MT"src/helloworld.o" -I../../cdma_transfer_test_bsp/ps7_cortexa9_0/include -MMD -MP -MF"src/helloworld.d" -MT"src/helloworld.d" -o "src/helloworld.o" "../src/helloworld.c"
../src/helloworld.c: In function 'main':
../src/helloworld.c:74:19: warning: unused variable 'tEnd' [-Wunused-variable]
     XTime tStart, tEnd;
                   ^
../src/helloworld.c:74:11: warning: unused variable 'tStart' [-Wunused-variable]
     XTime tStart, tEnd;
           ^
../src/helloworld.c:73:9: warning: unused variable 'dma_log' [-Wunused-variable]
     u32 dma_log[1000];
         ^
../src/helloworld.c:71:9: warning: unused variable 'test_done' [-Wunused-variable]
     u32 test_done = 0;
         ^
../src/helloworld.c:70:32: warning: unused variable 'cdma_memory_destination' [-Wunused-variable]
     u8 * cdma_memory_source, * cdma_memory_destination;
                                ^
../src/helloworld.c:70:10: warning: unused variable 'cdma_memory_source' [-Wunused-variable]
     u8 * cdma_memory_source, * cdma_memory_destination;
          ^
../src/helloworld.c:69:20: warning: unused variable 'destination' [-Wunused-variable]
     u8 * source, * destination;
                    ^
../src/helloworld.c:69:10: warning: unused variable 'source' [-Wunused-variable]
     u8 * source, * destination;
          ^
../src/helloworld.c:68:9: warning: unused variable 'numofbytes' [-Wunused-variable]
     int numofbytes;
         ^
../src/helloworld.c:67:9: warning: unused variable 'CDMA_Status' [-Wunused-variable]
  int i, CDMA_Status;
         ^
../src/helloworld.c:67:6: warning: unused variable 'i' [-Wunused-variable]
  int i, CDMA_Status;
      ^
../src/helloworld.c:66:5: warning: unused variable 'select' [-Wunused-variable]
  u8 select;
     ^
../src/helloworld.c: At top level:
../src/helloworld.c:26:13: warning: 'dma_CallBack' defined but not used [-Wunused-function]
 static void dma_CallBack(void *CallBackRef, u32 IrqMask, int *IgnorePtr)
             ^
Finished building: ../src/helloworld.c
 
Building file: ../src/platform.c
Invoking: ARM gcc compiler
arm-xilinx-eabi-gcc -Wall -O0 -g3 -c -fmessage-length=0 -MT"src/platform.o" -I../../cdma_transfer_test_bsp/ps7_cortexa9_0/include -MMD -MP -MF"src/platform.d" -MT"src/platform.d" -o "src/platform.o" "../src/platform.c"
Finished building: ../src/platform.c
 
Building target: cdma_transfer_test.elf
Invoking: ARM gcc linker
arm-xilinx-eabi-gcc -Wl,-T -Wl,../src/lscript.ld -L../../cdma_transfer_test_bsp/ps7_cortexa9_0/lib -o "cdma_transfer_test.elf"  ./src/helloworld.o ./src/platform.o   -Wl,--start-group,-lxil,-lgcc,-lc,--end-group
Finished building target: cdma_transfer_test.elf
 
Invoking: ARM Print Size
arm-xilinx-eabi-size cdma_transfer_test.elf  |tee "cdma_transfer_test.elf.size"
   text	   data	    bss	    dec	    hex	filename
  50756	   2000	  23076	  75832	  12838	cdma_transfer_test.elf
Finished building: cdma_transfer_test.elf.size
 
18:10:22 **** Incremental Build of configuration Debug for project cdma_transfer_test ****
make all 
make: Nothing to be done for `all'.
18:10:51 **** Auto Build of configuration Debug for project cdma_transfer_test ****
make all 
Building file: ../src/helloworld.c
Invoking: ARM gcc compiler
arm-xilinx-eabi-gcc -Wall -O0 -g3 -c -fmessage-length=0 -MT"src/helloworld.o" -I../../cdma_transfer_test_bsp/ps7_cortexa9_0/include -MMD -MP -MF"src/helloworld.d" -MT"src/helloworld.d" -o "src/helloworld.o" "../src/helloworld.c"
../src/helloworld.c: In function 'main':
../src/helloworld.c:74:19: warning: unused variable 'tEnd' [-Wunused-variable]
     XTime tStart, tEnd;
                   ^
../src/helloworld.c:74:11: warning: unused variable 'tStart' [-Wunused-variable]
     XTime tStart, tEnd;
           ^
../src/helloworld.c:73:9: warning: unused variable 'dma_log' [-Wunused-variable]
     u32 dma_log[1000];
         ^
../src/helloworld.c:71:9: warning: unused variable 'test_done' [-Wunused-variable]
     u32 test_done = 0;
         ^
../src/helloworld.c:70:32: warning: unused variable 'cdma_memory_destination' [-Wunused-variable]
     u8 * cdma_memory_source, * cdma_memory_destination;
                                ^
../src/helloworld.c:70:10: warning: unused variable 'cdma_memory_source' [-Wunused-variable]
     u8 * cdma_memory_source, * cdma_memory_destination;
          ^
../src/helloworld.c:69:20: warning: unused variable 'destination' [-Wunused-variable]
     u8 * source, * destination;
                    ^
../src/helloworld.c:69:10: warning: unused variable 'source' [-Wunused-variable]
     u8 * source, * destination;
          ^
../src/helloworld.c:68:9: warning: unused variable 'numofbytes' [-Wunused-variable]
     int numofbytes;
         ^
../src/helloworld.c:67:9: warning: unused variable 'CDMA_Status' [-Wunused-variable]
  int i, CDMA_Status;
         ^
../src/helloworld.c:67:6: warning: unused variable 'i' [-Wunused-variable]
  int i, CDMA_Status;
      ^
../src/helloworld.c:66:5: warning: unused variable 'select' [-Wunused-variable]
  u8 select;
     ^
../src/helloworld.c: At top level:
../src/helloworld.c:26:13: warning: 'dma_CallBack' defined but not used [-Wunused-function]
 static void dma_CallBack(void *CallBackRef, u32 IrqMask, int *IgnorePtr)
             ^
Finished building: ../src/helloworld.c
 
Building target: cdma_transfer_test.elf
Invoking: ARM gcc linker
arm-xilinx-eabi-gcc -Wl,-T -Wl,../src/lscript.ld -L../../cdma_transfer_test_bsp/ps7_cortexa9_0/lib -o "cdma_transfer_test.elf"  ./src/helloworld.o ./src/platform.o   -Wl,--start-group,-lxil,-lgcc,-lc,--end-group
Finished building target: cdma_transfer_test.elf
 
Invoking: ARM Print Size
arm-xilinx-eabi-size cdma_transfer_test.elf  |tee "cdma_transfer_test.elf.size"
   text	   data	    bss	    dec	    hex	filename
  50756	   2000	  23076	  75832	  12838	cdma_transfer_test.elf
Finished building: cdma_transfer_test.elf.size
 
